###############################################################################
#
# IAR ELF Linker V8.20.1.14183/W32 for ARM                21/Jun/2022  16:50:52
# Copyright 2007-2017 IAR Systems AB.
#
#    Output file  =  
#        C:\Users\lucas vitoriano\Desktop\Firmware_Carga -
#        Funcionando\EWARM\Firmware_Carga\Exe\Firmware_Carga.out
#    Map file     =  
#        C:\Users\lucas vitoriano\Desktop\Firmware_Carga -
#        Funcionando\EWARM\Firmware_Carga\List\Firmware_Carga.map
#    Command line =  
#        -f C:\Users\LUCASV~1\AppData\Local\Temp\EWAAFF.tmp ("C:\Users\lucas
#        vitoriano\Desktop\Firmware_Carga -
#        Funcionando\EWARM\Firmware_Carga\Obj\com_protocol.o" "C:\Users\lucas
#        vitoriano\Desktop\Firmware_Carga -
#        Funcionando\EWARM\Firmware_Carga\Obj\Load.o" "C:\Users\lucas
#        vitoriano\Desktop\Firmware_Carga -
#        Funcionando\EWARM\Firmware_Carga\Obj\LOAD_State_Machine.o"
#        "C:\Users\lucas vitoriano\Desktop\Firmware_Carga -
#        Funcionando\EWARM\Firmware_Carga\Obj\main.o" "C:\Users\lucas
#        vitoriano\Desktop\Firmware_Carga -
#        Funcionando\EWARM\Firmware_Carga\Obj\startup_stm32f303x8.o"
#        "C:\Users\lucas vitoriano\Desktop\Firmware_Carga -
#        Funcionando\EWARM\Firmware_Carga\Obj\stm32f3xx_hal.o" "C:\Users\lucas
#        vitoriano\Desktop\Firmware_Carga -
#        Funcionando\EWARM\Firmware_Carga\Obj\stm32f3xx_hal_adc.o"
#        "C:\Users\lucas vitoriano\Desktop\Firmware_Carga -
#        Funcionando\EWARM\Firmware_Carga\Obj\stm32f3xx_hal_adc_ex.o"
#        "C:\Users\lucas vitoriano\Desktop\Firmware_Carga -
#        Funcionando\EWARM\Firmware_Carga\Obj\stm32f3xx_hal_cortex.o"
#        "C:\Users\lucas vitoriano\Desktop\Firmware_Carga -
#        Funcionando\EWARM\Firmware_Carga\Obj\stm32f3xx_hal_dac.o"
#        "C:\Users\lucas vitoriano\Desktop\Firmware_Carga -
#        Funcionando\EWARM\Firmware_Carga\Obj\stm32f3xx_hal_dac_ex.o"
#        "C:\Users\lucas vitoriano\Desktop\Firmware_Carga -
#        Funcionando\EWARM\Firmware_Carga\Obj\stm32f3xx_hal_dma.o"
#        "C:\Users\lucas vitoriano\Desktop\Firmware_Carga -
#        Funcionando\EWARM\Firmware_Carga\Obj\stm32f3xx_hal_exti.o"
#        "C:\Users\lucas vitoriano\Desktop\Firmware_Carga -
#        Funcionando\EWARM\Firmware_Carga\Obj\stm32f3xx_hal_flash.o"
#        "C:\Users\lucas vitoriano\Desktop\Firmware_Carga -
#        Funcionando\EWARM\Firmware_Carga\Obj\stm32f3xx_hal_flash_ex.o"
#        "C:\Users\lucas vitoriano\Desktop\Firmware_Carga -
#        Funcionando\EWARM\Firmware_Carga\Obj\stm32f3xx_hal_gpio.o"
#        "C:\Users\lucas vitoriano\Desktop\Firmware_Carga -
#        Funcionando\EWARM\Firmware_Carga\Obj\stm32f3xx_hal_i2c.o"
#        "C:\Users\lucas vitoriano\Desktop\Firmware_Carga -
#        Funcionando\EWARM\Firmware_Carga\Obj\stm32f3xx_hal_i2c_ex.o"
#        "C:\Users\lucas vitoriano\Desktop\Firmware_Carga -
#        Funcionando\EWARM\Firmware_Carga\Obj\stm32f3xx_hal_msp.o"
#        "C:\Users\lucas vitoriano\Desktop\Firmware_Carga -
#        Funcionando\EWARM\Firmware_Carga\Obj\stm32f3xx_hal_pwr.o"
#        "C:\Users\lucas vitoriano\Desktop\Firmware_Carga -
#        Funcionando\EWARM\Firmware_Carga\Obj\stm32f3xx_hal_pwr_ex.o"
#        "C:\Users\lucas vitoriano\Desktop\Firmware_Carga -
#        Funcionando\EWARM\Firmware_Carga\Obj\stm32f3xx_hal_rcc.o"
#        "C:\Users\lucas vitoriano\Desktop\Firmware_Carga -
#        Funcionando\EWARM\Firmware_Carga\Obj\stm32f3xx_hal_rcc_ex.o"
#        "C:\Users\lucas vitoriano\Desktop\Firmware_Carga -
#        Funcionando\EWARM\Firmware_Carga\Obj\stm32f3xx_hal_tim.o"
#        "C:\Users\lucas vitoriano\Desktop\Firmware_Carga -
#        Funcionando\EWARM\Firmware_Carga\Obj\stm32f3xx_hal_tim_ex.o"
#        "C:\Users\lucas vitoriano\Desktop\Firmware_Carga -
#        Funcionando\EWARM\Firmware_Carga\Obj\stm32f3xx_hal_uart.o"
#        "C:\Users\lucas vitoriano\Desktop\Firmware_Carga -
#        Funcionando\EWARM\Firmware_Carga\Obj\stm32f3xx_hal_uart_ex.o"
#        "C:\Users\lucas vitoriano\Desktop\Firmware_Carga -
#        Funcionando\EWARM\Firmware_Carga\Obj\stm32f3xx_it.o" "C:\Users\lucas
#        vitoriano\Desktop\Firmware_Carga -
#        Funcionando\EWARM\Firmware_Carga\Obj\system_stm32f3xx.o" --redirect
#        _Printf=_PrintfFull --redirect _Scanf=_ScanfFull -o "C:\Users\lucas
#        vitoriano\Desktop\Firmware_Carga -
#        Funcionando\EWARM\Firmware_Carga\Exe\Firmware_Carga.out" --map
#        "C:\Users\lucas vitoriano\Desktop\Firmware_Carga -
#        Funcionando\EWARM\Firmware_Carga\List\Firmware_Carga.map" --config
#        "C:\Users\lucas vitoriano\Desktop\Firmware_Carga -
#        Funcionando\EWARM/stm32f303x8_flash.icf" --semihosting --entry
#        __iar_program_start --vfe --text_out locale)
#
###############################################################################

*******************************************************************************
*** RUNTIME MODEL ATTRIBUTES
***

CppFlavor       = *
__SystemLibrary = DLib
__dlib_version  = 6


*******************************************************************************
*** HEAP SELECTION
***

The basic heap was selected because no calls to memory allocation
functions were found in the application outside of system library
functions, and there are calls to deallocation functions in the
application.


*******************************************************************************
*** PLACEMENT SUMMARY
***

"A0":  place at 0x08000000 { ro section .intvec };
"P1":  place in [from 0x08000000 to 0x0800ffff] { ro };
define block CSTACK with size = 1K, alignment = 8 { };
define block HEAP with size = 512, alignment = 8 { };
"P2":  place in [from 0x20000000 to 0x20002fff] {
          rw, block CSTACK, block HEAP };
initialize by copy { rw };

  Section            Kind        Address    Size  Object
  -------            ----        -------    ----  ------
"A0":                                      0x188
  .intvec            ro code  0x08000000   0x188  startup_stm32f303x8.o [1]
                            - 0x08000188   0x188

"P1":                                     0x4400
  .text              ro code  0x08000188   0xb50  stm32f3xx_hal_adc_ex.o [1]
  .text              ro code  0x08000cd8   0x218  stm32f3xx_hal_msp.o [1]
  .text              ro code  0x08000ef0   0x208  stm32f3xx_hal_dma.o [1]
  .text              ro code  0x080010f8     0xc  stm32f3xx_hal.o [1]
  .text              ro code  0x08001104     0x2  stm32f3xx_hal_adc.o [1]
  .text              ro code  0x08001106     0x2  stm32f3xx_hal_adc.o [1]
  .text              ro code  0x08001108     0x2  stm32f3xx_hal_adc.o [1]
  .text              ro code  0x0800110c     0x6  ABImemclr4.o [5]
  .text              ro code  0x08001114   0x300  stm32f3xx_hal_gpio.o [1]
  .text              ro code  0x08001414   0x376  main.o [1]
  .text              ro code  0x0800178c    0x32  ABImemset48.o [5]
  .text              ro code  0x080017c0    0x28  stm32f3xx_hal.o [1]
  .text              ro code  0x080017e8   0x30a  stm32f3xx_hal_tim.o [1]
  .text              ro code  0x08001af4   0x2e8  LOAD_State_Machine.o [1]
  .text              ro code  0x08001ddc   0xaa4  stm32f3xx_hal_rcc.o [1]
  .text              ro code  0x08002880   0x1c0  stm32f3xx_hal_rcc_ex.o [1]
  .text              ro code  0x08002a40    0x2c  stm32f3xx_hal_dac.o [1]
  .text              ro code  0x08002a6c   0x118  stm32f3xx_hal_dac_ex.o [1]
  .text              ro code  0x08002b84    0x8c  stm32f3xx_hal_tim_ex.o [1]
  .text              ro code  0x08002c10   0x6e6  stm32f3xx_hal_uart.o [1]
  .text              ro code  0x080032f8   0x14c  stm32f3xx_hal_cortex.o [1]
  .text              ro code  0x08003444    0x4c  stm32f3xx_hal.o [1]
  .text              ro code  0x08003490   0x1f8  Load.o [1]
  .text              ro code  0x08003688   0x3a4  com_protocol.o [1]
  .text              ro code  0x08003a2c    0x28  stm32f3xx_hal.o [1]
  .text              ro code  0x08003a54    0x48  FltToDbl.o [4]
  .text              ro code  0x08003a9c   0x178  DblAdd.o [4]
  .text              ro code  0x08003c14    0x2e  DblCmpLe.o [4]
  .text              ro code  0x08003c44   0x1a2  DblMul.o [4]
  .text              ro code  0x08003de8    0x3a  DblToS32.o [4]
  .text              ro code  0x08003e24    0x1a  U32ToDbl.o [4]
  .text              ro code  0x08003e40    0x68  DblToFlt.o [4]
  .text              ro code  0x08003ea8   0x246  DblDiv.o [4]
  .text              ro code  0x080040f0    0xa6  ABImemcpy.o [5]
  .text              ro code  0x08004198    0x66  ABImemset.o [5]
  .text              ro code  0x08004200    0xd2  DblSub.o [4]
  .text              ro code  0x080042d4    0x50  stm32f3xx_it.o [1]
  .text              ro code  0x08004324    0x18  stm32f3xx_hal.o [1]
  .text              ro code  0x0800433c    0x40  zero_init3.o [5]
  .text              ro code  0x0800437c    0x2c  copy_init3.o [5]
  .text              ro code  0x080043a8    0x28  data_init.o [5]
  .text              ro code  0x080043d0    0x22  fpinit_M.o [4]
  .iar.init_table    const    0x080043f4    0x24  - Linker created -
  .text              ro code  0x08004418    0x1e  cmain.o [5]
  .text              ro code  0x08004436     0x4  low_level_init.o [3]
  .text              ro code  0x0800443a     0x4  exit.o [3]
  .text              ro code  0x08004440     0xa  cexit.o [5]
  .text              ro code  0x0800444c    0x14  exit.o [6]
  Initializer bytes  const    0x08004460    0x18  <for P2-1>
  .text              ro code  0x08004478    0x14  system_stm32f3xx.o [1]
  .rodata            const    0x0800448c    0x10  stm32f3xx_hal_rcc.o [1]
  .rodata            const    0x0800449c    0x10  stm32f3xx_hal_rcc.o [1]
  .rodata            const    0x080044ac    0x10  system_stm32f3xx.o [1]
  .text              ro code  0x080044bc    0x10  startup_stm32f303x8.o [1]
  .text              ro code  0x080044cc     0xc  cstartup_M.o [5]
  .rodata            const    0x080044d8     0x8  system_stm32f3xx.o [1]
  .text              ro code  0x080044e0     0x4  startup_stm32f303x8.o [1]
  .text              ro code  0x080044e4     0x4  startup_stm32f303x8.o [1]
  .text              ro code  0x080044e8     0x4  startup_stm32f303x8.o [1]
  .text              ro code  0x080044ec     0x4  startup_stm32f303x8.o [1]
  .text              ro code  0x080044f0     0x4  startup_stm32f303x8.o [1]
  .text              ro code  0x080044f4     0x4  startup_stm32f303x8.o [1]
  .text              ro code  0x080044f8     0x4  startup_stm32f303x8.o [1]
  .text              ro code  0x080044fc     0x4  startup_stm32f303x8.o [1]
  .text              ro code  0x08004500     0x4  startup_stm32f303x8.o [1]
  .text              ro code  0x08004504     0x4  startup_stm32f303x8.o [1]
  .text              ro code  0x08004508     0x4  startup_stm32f303x8.o [1]
  .text              ro code  0x0800450c     0x4  startup_stm32f303x8.o [1]
  .text              ro code  0x08004510     0x4  startup_stm32f303x8.o [1]
  .text              ro code  0x08004514     0x4  startup_stm32f303x8.o [1]
  .text              ro code  0x08004518     0x4  startup_stm32f303x8.o [1]
  .text              ro code  0x0800451c     0x4  startup_stm32f303x8.o [1]
  .text              ro code  0x08004520     0x4  startup_stm32f303x8.o [1]
  .text              ro code  0x08004524     0x4  startup_stm32f303x8.o [1]
  .text              ro code  0x08004528     0x4  startup_stm32f303x8.o [1]
  .text              ro code  0x0800452c     0x4  startup_stm32f303x8.o [1]
  .text              ro code  0x08004530     0x4  startup_stm32f303x8.o [1]
  .text              ro code  0x08004534     0x4  startup_stm32f303x8.o [1]
  .text              ro code  0x08004538     0x4  startup_stm32f303x8.o [1]
  .text              ro code  0x0800453c     0x4  startup_stm32f303x8.o [1]
  .text              ro code  0x08004540     0x4  startup_stm32f303x8.o [1]
  .text              ro code  0x08004544     0x4  startup_stm32f303x8.o [1]
  .text              ro code  0x08004548     0x4  startup_stm32f303x8.o [1]
  .text              ro code  0x0800454c     0x4  startup_stm32f303x8.o [1]
  .text              ro code  0x08004550     0x4  startup_stm32f303x8.o [1]
  .text              ro code  0x08004554     0x4  startup_stm32f303x8.o [1]
  .text              ro code  0x08004558     0x4  startup_stm32f303x8.o [1]
  .text              ro code  0x0800455c     0x4  startup_stm32f303x8.o [1]
  .text              ro code  0x08004560     0x4  startup_stm32f303x8.o [1]
  .text              ro code  0x08004564     0x4  startup_stm32f303x8.o [1]
  .text              ro code  0x08004568     0x4  startup_stm32f303x8.o [1]
  .text              ro code  0x0800456c     0x4  startup_stm32f303x8.o [1]
  .text              ro code  0x08004570     0x4  startup_stm32f303x8.o [1]
  .text              ro code  0x08004574     0x4  startup_stm32f303x8.o [1]
  .text              ro code  0x08004578     0x4  startup_stm32f303x8.o [1]
  .text              ro code  0x0800457c     0x4  startup_stm32f303x8.o [1]
  .text              ro code  0x08004580     0x4  startup_stm32f303x8.o [1]
  .text              ro code  0x08004584     0x4  startup_stm32f303x8.o [1]
  .rodata            const    0x08004588     0x0  zero_init3.o [5]
  .rodata            const    0x08004588     0x0  copy_init3.o [5]
                            - 0x08004588  0x4400

"P2", part 1 of 3:                          0x18
  P2-1                        0x20000000    0x15  <Init block>
    .data            inited   0x20000000     0xc  LOAD_State_Machine.o [1]
    .data            inited   0x2000000c     0x4  stm32f3xx_hal.o [1]
    .data            inited   0x20000010     0x4  system_stm32f3xx.o [1]
    .data            inited   0x20000014     0x1  stm32f3xx_hal.o [1]
                            - 0x20000015    0x15

"P2", part 2 of 3:                         0x1b8
  .bss               zero     0x20000018    0x84  main.o [1]
  .bss               zero     0x2000009c    0x50  main.o [1]
  .bss               zero     0x200000ec    0x4c  main.o [1]
  .bss               zero     0x20000138    0x44  main.o [1]
  .bss               zero     0x2000017c    0x14  main.o [1]
  .bss               zero     0x20000190     0x8  com_protocol.o [1]
  .bss               zero     0x20000198     0x8  com_protocol.o [1]
  .bss               zero     0x200001a0     0x8  LOAD_State_Machine.o [1]
  .bss               zero     0x200001a8     0x4  LOAD_State_Machine.o [1]
  .bss               zero     0x200001ac     0x4  LOAD_State_Machine.o [1]
  .bss               zero     0x200001b0     0x4  LOAD_State_Machine.o [1]
  .bss               zero     0x200001b4     0x4  LOAD_State_Machine.o [1]
  .bss               zero     0x200001b8     0x4  LOAD_State_Machine.o [1]
  .bss               zero     0x200001bc     0x4  LOAD_State_Machine.o [1]
  .bss               zero     0x200001c0     0x4  LOAD_State_Machine.o [1]
  .bss               zero     0x200001c4     0x4  main.o [1]
  .bss               zero     0x200001c8     0x4  stm32f3xx_hal.o [1]
  .bss               zero     0x200001cc     0x1  com_protocol.o [1]
  .bss               zero     0x200001cd     0x1  LOAD_State_Machine.o [1]
  .bss               zero     0x200001ce     0x1  LOAD_State_Machine.o [1]
                            - 0x200001cf   0x1b7

"P2", part 3 of 3:                         0x400
  CSTACK                      0x200001d0   0x400  <Block>
    CSTACK           uninit   0x200001d0   0x400  <Block tail>
                            - 0x200005d0   0x400


*******************************************************************************
*** INIT TABLE
***

          Address     Size
          -------     ----
Zero (__iar_zero_init3)
    1 destination range, total size 0x1b7:
          0x20000018  0x1b7

Copy (__iar_copy_init3)
    1 source range, total size 0x18 (114% of destination):
          0x08004460   0x18
    1 destination range, total size 0x15:
          0x20000000   0x15



*******************************************************************************
*** MODULE SUMMARY
***

    Module                  ro code  ro data  rw data
    ------                  -------  -------  -------
C:\Users\lucas vitoriano\Desktop\Firmware_Carga - Funcionando\EWARM\Firmware_Carga\Obj: [1]
    LOAD_State_Machine.o        744       12       50
    Load.o                      504
    com_protocol.o              932                17
    main.o                      886               380
    startup_stm32f303x8.o       576
    stm32f3xx_hal.o             192        5        9
    stm32f3xx_hal_adc.o           6
    stm32f3xx_hal_adc_ex.o    2 896
    stm32f3xx_hal_cortex.o      332
    stm32f3xx_hal_dac.o          44
    stm32f3xx_hal_dac_ex.o      280
    stm32f3xx_hal_dma.o         520
    stm32f3xx_hal_gpio.o        768
    stm32f3xx_hal_msp.o         536
    stm32f3xx_hal_rcc.o       2 724       32
    stm32f3xx_hal_rcc_ex.o      448
    stm32f3xx_hal_tim.o         778
    stm32f3xx_hal_tim_ex.o      140
    stm32f3xx_hal_uart.o      1 766
    stm32f3xx_it.o               80
    system_stm32f3xx.o           20       28        4
    -------------------------------------------------
    Total:                   15 172       77      460

command line: [2]
    -------------------------------------------------
    Total:

dl7M_tln.a: [3]
    exit.o                        4
    low_level_init.o              4
    -------------------------------------------------
    Total:                        8

m7M_tls.a: [4]
    DblAdd.o                    376
    DblCmpLe.o                   46
    DblDiv.o                    582
    DblMul.o                    418
    DblSub.o                    210
    DblToFlt.o                  104
    DblToS32.o                   58
    FltToDbl.o                   72
    U32ToDbl.o                   26
    fpinit_M.o                   34
    -------------------------------------------------
    Total:                    1 926

rt7M_tl.a: [5]
    ABImemclr4.o                  6
    ABImemcpy.o                 166
    ABImemset.o                 102
    ABImemset48.o                50
    cexit.o                      10
    cmain.o                      30
    copy_init3.o                 44
    cstartup_M.o                 12
    data_init.o                  40
    zero_init3.o                 64
    -------------------------------------------------
    Total:                      524

shb_l.a: [6]
    exit.o                       20
    -------------------------------------------------
    Total:                       20

    Gaps                         32        2
    Linker created                        39    1 024
-----------------------------------------------------
    Grand Total:             17 682      118    1 484


*******************************************************************************
*** ENTRY LIST
***

Entry                      Address   Size  Type      Object
-----                      -------   ----  ----      ------
.iar.init_table$$Base   0x080043f4          --   Gb  - Linker created -
.iar.init_table$$Limit  0x08004418          --   Gb  - Linker created -
?main                   0x08004419         Code  Gb  cmain.o [5]
ADC_DMAConvCplt         0x08000b35   0x4e  Code  Lc  stm32f3xx_hal_adc_ex.o [1]
ADC_DMAError            0x08000b91   0x1e  Code  Lc  stm32f3xx_hal_adc_ex.o [1]
ADC_DMAHalfConvCplt     0x08000b83    0xe  Code  Lc  stm32f3xx_hal_adc_ex.o [1]
ADC_Disable             0x08000c35   0x8e  Code  Lc  stm32f3xx_hal_adc_ex.o [1]
ADC_Enable              0x08000baf   0x86  Code  Lc  stm32f3xx_hal_adc_ex.o [1]
ADC_VALUES              0x200001c4    0x4  Data  Gb  main.o [1]
AHBPrescTable           0x080044ac   0x10  Data  Gb  system_stm32f3xx.o [1]
APBPrescTable           0x080044d8    0x8  Data  Gb  system_stm32f3xx.o [1]
BusFault_Handler        0x080042db    0x2  Code  Gb  stm32f3xx_it.o [1]
CHECKSUM                0x08003787   0x34  Code  Gb  com_protocol.o [1]
COM_Protocol_Check_Message
                        0x0800373b   0x4c  Code  Gb  com_protocol.o [1]
COM_Protocol_Receive_Communication_Control
                        0x08003689   0x7e  Code  Gb  com_protocol.o [1]
COM_Protocol_Report_Erro
                        0x080037bb   0x30  Code  Gb  com_protocol.o [1]
COM_Protocol_Reset_Serial
                        0x080037eb   0x26  Code  Gb  com_protocol.o [1]
COM_Protocol_Transceiver_Communication_Control
                        0x08003707   0x34  Code  Gb  com_protocol.o [1]
CSTACK$$Base            0x200001d0          --   Gb  - Linker created -
CSTACK$$Limit           0x200005d0          --   Gb  - Linker created -
Convert_Data1_And_Data2_to_uint16_t
                        0x08003901   0x3a  Code  Gb  com_protocol.o [1]
Convert_Load_Information_To_Serial_Message
                        0x080038a3   0x5e  Code  Gb  com_protocol.o [1]
Convert_Load_Type_To_uint8
                        0x08003985   0x3e  Code  Gb  com_protocol.o [1]
Convert_Received_Serial_Message_To_Load_State
                        0x08003811   0x92  Code  Gb  com_protocol.o [1]
Convert_float_to_2_uint8
                        0x0800393d   0x22  Code  Gb  com_protocol.o [1]
Create_Checksum         0x080039e9   0x1e  Code  Gb  com_protocol.o [1]
Create_Error_Message    0x080039c3   0x26  Code  Gb  com_protocol.o [1]
Current_Seted           0x200001b8    0x4  Data  Lc  LOAD_State_Machine.o [1]
DMA1_Channel1_IRQHandler
                        0x080042ed   0x30  Code  Gb  stm32f3xx_it.o [1]
DMA_CalcBaseAndBitshift
                        0x080010d9   0x16  Code  Lc  stm32f3xx_hal_dma.o [1]
DMA_SetConfig           0x080010ad   0x2c  Code  Lc  stm32f3xx_hal_dma.o [1]
DebugMon_Handler        0x080042e1    0x2  Code  Gb  stm32f3xx_it.o [1]
Error_Handler           0x08001789    0x2  Code  Gb  main.o [1]
Error_Setting_Value     0x08003a07   0x26  Code  Gb  com_protocol.o [1]
GET_CURRENT_SETED       0x08003585   0x30  Code  Gb  Load.o [1]
GET_POTENCY_SETED       0x080035b5   0x54  Code  Gb  Load.o [1]
GET_RESISTANCE_SETED    0x08003609   0x54  Code  Gb  Load.o [1]
HAL_ADCEx_Calibration_Start
                        0x08000529   0xa8  Code  Gb  stm32f3xx_hal_adc_ex.o [1]
HAL_ADCEx_MultiModeConfigChannel
                        0x08000a0d  0x122  Code  Gb  stm32f3xx_hal_adc_ex.o [1]
HAL_ADC_ConfigChannel   0x080005e9  0x420  Code  Gb  stm32f3xx_hal_adc_ex.o [1]
HAL_ADC_ConvCpltCallback
                        0x08001105    0x2  Code  Wk  stm32f3xx_hal_adc.o [1]
HAL_ADC_ConvHalfCpltCallback
                        0x08001107    0x2  Code  Wk  stm32f3xx_hal_adc.o [1]
HAL_ADC_ErrorCallback   0x08001109    0x2  Code  Wk  stm32f3xx_hal_adc.o [1]
HAL_ADC_Init            0x08000189  0x242  Code  Gb  stm32f3xx_hal_adc_ex.o [1]
HAL_ADC_MspInit         0x08000d0f   0xac  Code  Gb  stm32f3xx_hal_msp.o [1]
HAL_ADC_Start_DMA       0x080003cb  0x144  Code  Gb  stm32f3xx_hal_adc_ex.o [1]
HAL_DAC_ConfigChannel   0x08002b03   0x7a  Code  Gb  stm32f3xx_hal_dac_ex.o [1]
HAL_DAC_Init            0x08002a41   0x2c  Code  Gb  stm32f3xx_hal_dac.o [1]
HAL_DAC_MspInit         0x08000dbb   0x60  Code  Gb  stm32f3xx_hal_msp.o [1]
HAL_DAC_SetValue        0x08002a6d   0x30  Code  Gb  stm32f3xx_hal_dac_ex.o [1]
HAL_DAC_Start           0x08002a9d   0x66  Code  Gb  stm32f3xx_hal_dac_ex.o [1]
HAL_DMA_IRQHandler      0x08000fdf   0xce  Code  Gb  stm32f3xx_hal_dma.o [1]
HAL_DMA_Init            0x08000ef1   0x56  Code  Gb  stm32f3xx_hal_dma.o [1]
HAL_DMA_Start_IT        0x08000f47   0x98  Code  Gb  stm32f3xx_hal_dma.o [1]
HAL_Delay               0x08003a2d   0x28  Code  Wk  stm32f3xx_hal.o [1]
HAL_GPIO_DeInit         0x080012c9  0x126  Code  Gb  stm32f3xx_hal_gpio.o [1]
HAL_GPIO_Init           0x08001115  0x1b4  Code  Gb  stm32f3xx_hal_gpio.o [1]
HAL_GetTick             0x080010f9    0xc  Code  Wk  stm32f3xx_hal.o [1]
HAL_IncTick             0x08004325   0x18  Code  Wk  stm32f3xx_hal.o [1]
HAL_Init                0x080017c1   0x22  Code  Gb  stm32f3xx_hal.o [1]
HAL_InitTick            0x08003445   0x4c  Code  Wk  stm32f3xx_hal.o [1]
HAL_MspInit             0x08000cd9   0x36  Code  Gb  stm32f3xx_hal_msp.o [1]
HAL_NVIC_EnableIRQ      0x08003409    0xe  Code  Gb  stm32f3xx_hal_cortex.o [1]
HAL_NVIC_SetPriority    0x080033df   0x2a  Code  Gb  stm32f3xx_hal_cortex.o [1]
HAL_NVIC_SetPriorityGrouping
                        0x080033d3    0xc  Code  Gb  stm32f3xx_hal_cortex.o [1]
HAL_RCCEx_PeriphCLKConfig
                        0x08002881  0x1a2  Code  Gb  stm32f3xx_hal_rcc_ex.o [1]
HAL_RCC_ClockConfig     0x08002587  0x1f8  Code  Gb  stm32f3xx_hal_rcc.o [1]
HAL_RCC_GetHCLKFreq     0x080027ef    0x6  Code  Gb  stm32f3xx_hal_rcc.o [1]
HAL_RCC_GetPCLK1Freq    0x080027f5   0x20  Code  Gb  stm32f3xx_hal_rcc.o [1]
HAL_RCC_GetPCLK2Freq    0x08002815   0x20  Code  Gb  stm32f3xx_hal_rcc.o [1]
HAL_RCC_GetSysClockFreq
                        0x0800277f   0x70  Code  Gb  stm32f3xx_hal_rcc.o [1]
HAL_RCC_OscConfig       0x08001ddd  0x7aa  Code  Gb  stm32f3xx_hal_rcc.o [1]
HAL_SYSTICK_Config      0x08003417    0xc  Code  Gb  stm32f3xx_hal_cortex.o [1]
HAL_TIMEx_MasterConfigSynchronization
                        0x08002b85   0x7e  Code  Gb  stm32f3xx_hal_tim_ex.o [1]
HAL_TIM_Base_Init       0x080017e9   0x7a  Code  Gb  stm32f3xx_hal_tim.o [1]
HAL_TIM_Base_MspInit    0x08000e1b   0x26  Code  Gb  stm32f3xx_hal_msp.o [1]
HAL_TIM_Base_Start      0x08001863   0x6e  Code  Gb  stm32f3xx_hal_tim.o [1]
HAL_TIM_ConfigClockSource
                        0x080018e1   0xf6  Code  Gb  stm32f3xx_hal_tim.o [1]
HAL_UART_DeInit         0x08002c8b   0x50  Code  Gb  stm32f3xx_hal_uart.o [1]
HAL_UART_Init           0x08002c11   0x7a  Code  Gb  stm32f3xx_hal_uart.o [1]
HAL_UART_MspDeInit      0x08000eab   0x26  Code  Gb  stm32f3xx_hal_msp.o [1]
HAL_UART_MspInit        0x08000e41   0x6a  Code  Gb  stm32f3xx_hal_msp.o [1]
HAL_UART_Receive        0x08002db5  0x14a  Code  Gb  stm32f3xx_hal_uart.o [1]
HAL_UART_Transmit       0x08002cdb   0xda  Code  Gb  stm32f3xx_hal_uart.o [1]
HardFault_Handler       0x080042d7    0x2  Code  Gb  stm32f3xx_it.o [1]
Load_Init               0x08003491    0xc  Code  Gb  Load.o [1]
Load_State_Machine      0x08001b15  0x282  Code  Gb  LOAD_State_Machine.o [1]
Load_State_Machine_Init
                        0x08001af5   0x20  Code  Gb  LOAD_State_Machine.o [1]
MX_ADC1_Init            0x080014f5   0xe0  Code  Lc  main.o [1]
MX_DAC1_Init            0x080015d5   0x3e  Code  Lc  main.o [1]
MX_DMA_Init             0x080016eb   0x2c  Code  Lc  main.o [1]
MX_GPIO_Init            0x08001717   0x4e  Code  Lc  main.o [1]
MX_TIM1_Init            0x08001613   0x88  Code  Lc  main.o [1]
MX_USART1_UART_Init     0x0800169b   0x50  Code  Lc  main.o [1]
MemManage_Handler       0x080042d9    0x2  Code  Gb  stm32f3xx_it.o [1]
Message_To_Communication
                        0x200001a0    0x8  Data  Lc  LOAD_State_Machine.o [1]
NMI_Handler             0x080042d5    0x2  Code  Gb  stm32f3xx_it.o [1]
NVIC_EncodePriority     0x08003361   0x42  Code  Lc  stm32f3xx_hal_cortex.o [1]
PendSV_Handler          0x080042e3    0x2  Code  Gb  stm32f3xx_it.o [1]
Potency_Seted           0x200001bc    0x4  Data  Lc  LOAD_State_Machine.o [1]
Received_UART_Message   0x20000198    0x8  Data  Lc  com_protocol.o [1]
Region$$Table$$Base     0x080043f4          --   Gb  - Linker created -
Region$$Table$$Limit    0x08004418          --   Gb  - Linker created -
Resistance_Seted        0x200001c0    0x4  Data  Lc  LOAD_State_Machine.o [1]
SET_CURRENT             0x0800349d   0x4a  Code  Gb  Load.o [1]
SET_POTENCY             0x080034e9   0x3c  Code  Gb  Load.o [1]
SET_RESISTANCE          0x08003525   0x48  Code  Gb  Load.o [1]
SVC_Handler             0x080042df    0x2  Code  Gb  stm32f3xx_it.o [1]
Status_Message          0x200001cd    0x1  Data  Lc  LOAD_State_Machine.o [1]
Status_Message_Receiver
                        0x20000190    0x8  Data  Lc  com_protocol.o [1]
Status_Message_Transceiver
                        0x200001cc    0x1  Data  Lc  com_protocol.o [1]
Status_Message_Transceiver
                        0x200001ce    0x1  Data  Lc  LOAD_State_Machine.o [1]
SysTick_Config          0x080033a3   0x30  Code  Lc  stm32f3xx_hal_cortex.o [1]
SysTick_Handler         0x080042e5    0x8  Code  Gb  stm32f3xx_it.o [1]
SystemClock_Config      0x0800145d   0x98  Code  Gb  main.o [1]
SystemCoreClock         0x20000010    0x4  Data  Gb  system_stm32f3xx.o [1]
SystemInit              0x08004479    0xe  Code  Gb  system_stm32f3xx.o [1]
TIM_Base_SetConfig      0x080019d7   0x92  Code  Gb  stm32f3xx_hal_tim.o [1]
TIM_ETR_SetConfig       0x08001adb   0x18  Code  Gb  stm32f3xx_hal_tim.o [1]
TIM_ITRx_SetConfig      0x08001acb   0x10  Code  Lc  stm32f3xx_hal_tim.o [1]
TIM_TI1_ConfigInputStage
                        0x08001a81   0x24  Code  Lc  stm32f3xx_hal_tim.o [1]
TIM_TI2_ConfigInputStage
                        0x08001aa5   0x26  Code  Lc  stm32f3xx_hal_tim.o [1]
TURN_LOAD_OFF           0x0800356d   0x18  Code  Gb  Load.o [1]
UART_AdvFeatureConfig   0x080030c9   0xda  Code  Gb  stm32f3xx_hal_uart.o [1]
UART_CheckIdleState     0x080031a3   0x6e  Code  Gb  stm32f3xx_hal_uart.o [1]
UART_SetConfig          0x08002eff  0x1b0  Code  Gb  stm32f3xx_hal_uart.o [1]
UART_WaitOnFlagUntilTimeout
                        0x08003211   0xe6  Code  Gb  stm32f3xx_hal_uart.o [1]
UsageFault_Handler      0x080042dd    0x2  Code  Gb  stm32f3xx_it.o [1]
__NVIC_EnableIRQ        0x0800331f   0x1c  Code  Lc  stm32f3xx_hal_cortex.o [1]
__NVIC_GetPriorityGrouping
                        0x08003315    0xa  Code  Lc  stm32f3xx_hal_cortex.o [1]
__NVIC_SetPriority      0x0800333b   0x26  Code  Lc  stm32f3xx_hal_cortex.o [1]
__NVIC_SetPriorityGrouping
                        0x080032f9   0x1c  Code  Lc  stm32f3xx_hal_cortex.o [1]
__aeabi_cdcmple         0x08003c15         Code  Gb  DblCmpLe.o [4]
__aeabi_d2f             0x08003e41         Code  Gb  DblToFlt.o [4]
__aeabi_d2iz            0x08003de9         Code  Gb  DblToS32.o [4]
__aeabi_dadd            0x08003a9d         Code  Gb  DblAdd.o [4]
__aeabi_ddiv            0x08003ea9         Code  Gb  DblDiv.o [4]
__aeabi_dmul            0x08003c45         Code  Gb  DblMul.o [4]
__aeabi_f2d             0x08003a55         Code  Gb  FltToDbl.o [4]
__aeabi_memclr4         0x0800110d         Code  Gb  ABImemclr4.o [5]
__aeabi_memcpy          0x080040f1         Code  Gb  ABImemcpy.o [5]
__aeabi_memcpy4         0x08004111         Code  Gb  ABImemcpy.o [5]
__aeabi_memcpy8         0x08004111         Code  Gb  ABImemcpy.o [5]
__aeabi_memset          0x08004199         Code  Gb  ABImemset.o [5]
__aeabi_ui2d            0x08003e25         Code  Gb  U32ToDbl.o [4]
__cmain                 0x08004419         Code  Gb  cmain.o [5]
__exit                  0x0800444d   0x14  Code  Gb  exit.o [6]
__iar_Memset            0x08004199         Code  Gb  ABImemset.o [5]
__iar_Memset4_word      0x0800178d         Code  Gb  ABImemset48.o [5]
__iar_Memset8_word      0x0800178d         Code  Gb  ABImemset48.o [5]
__iar_Memset_word       0x080041a1         Code  Gb  ABImemset.o [5]
__iar_copy_init3        0x0800437d   0x2c  Code  Gb  copy_init3.o [5]
__iar_dadd              0x08004201         Code  Gb  DblSub.o [4]
__iar_data_init3        0x080043a9   0x28  Code  Gb  data_init.o [5]
__iar_dsub              0x08003aad         Code  Gb  DblAdd.o [4]
__iar_dsubStart         0x08003abf         Code  Gb  DblAdd.o [4]
__iar_init_vfp          0x080043d1         Code  Gb  fpinit_M.o [4]
__iar_program_start     0x080044cd         Code  Gb  cstartup_M.o [5]
__iar_systems$$module {Abs}
                        0x00000001         Data  Gb  command line/config [2]
__iar_zero_init3        0x0800433d   0x40  Code  Gb  zero_init3.o [5]
__low_level_init        0x08004437    0x4  Code  Gb  low_level_init.o [3]
__vector_table          0x08000000         Data  Gb  startup_stm32f303x8.o [1]
_call_main              0x08004425         Code  Gb  cmain.o [5]
_exit                   0x08004441         Code  Gb  cexit.o [5]
_main                   0x08004433         Code  Gb  cmain.o [5]
aPLLMULFactorTable      0x0800448c   0x10  Data  Gb  stm32f3xx_hal_rcc.o [1]
aPredivFactorTable      0x0800449c   0x10  Data  Gb  stm32f3xx_hal_rcc.o [1]
current_A               0x200001ac    0x4  Data  Lc  LOAD_State_Machine.o [1]
exit                    0x0800443b    0x4  Code  Gb  exit.o [3]
hadc1                   0x2000009c   0x50  Data  Gb  main.o [1]
hdac1                   0x2000017c   0x14  Data  Gb  main.o [1]
hdma_adc1               0x20000138   0x44  Data  Gb  main.o [1]
htim1                   0x200000ec   0x4c  Data  Gb  main.o [1]
huart1                  0x20000018   0x84  Data  Gb  main.o [1]
initial_time            0x200001a8    0x4  Data  Gb  LOAD_State_Machine.o [1]
load                    0x20000000    0xc  Data  Gb  LOAD_State_Machine.o [1]
main                    0x08001415   0x48  Code  Gb  main.o [1]
potency_W               0x200001b0    0x4  Data  Lc  LOAD_State_Machine.o [1]
resistance_Ohms         0x200001b4    0x4  Data  Lc  LOAD_State_Machine.o [1]
uwTick                  0x200001c8    0x4  Data  Gb  stm32f3xx_hal.o [1]
uwTickFreq              0x20000014    0x1  Data  Gb  stm32f3xx_hal.o [1]
uwTickPrio              0x2000000c    0x4  Data  Gb  stm32f3xx_hal.o [1]


[1] = C:\Users\lucas vitoriano\Desktop\Firmware_Carga - Funcionando\EWARM\Firmware_Carga\Obj
[2] = command line
[3] = dl7M_tln.a
[4] = m7M_tls.a
[5] = rt7M_tl.a
[6] = shb_l.a

  17 682 bytes of readonly  code memory
     118 bytes of readonly  data memory
   1 484 bytes of readwrite data memory

Errors: none
Warnings: none
