###############################################################################
#
# IAR ELF Linker V8.20.1.14183/W32 for ARM                07/Apr/2022  18:54:56
# Copyright 2007-2017 IAR Systems AB.
#
#    Output file  =  
#        C:\Users\lucas vitoriano\Desktop\Firmware_Carga -
#        Funcionando\EWARM\Firmware_Carga\Exe\Firmware_Carga.out
#    Map file     =  
#        C:\Users\lucas vitoriano\Desktop\Firmware_Carga -
#        Funcionando\EWARM\Firmware_Carga\List\Firmware_Carga.map
#    Command line =  
#        -f C:\Users\LUCASV~1\AppData\Local\Temp\EWABE7.tmp ("C:\Users\lucas
#        vitoriano\Desktop\Firmware_Carga -
#        Funcionando\EWARM\Firmware_Carga\Obj\com_protocol.o" "C:\Users\lucas
#        vitoriano\Desktop\Firmware_Carga -
#        Funcionando\EWARM\Firmware_Carga\Obj\Load.o" "C:\Users\lucas
#        vitoriano\Desktop\Firmware_Carga -
#        Funcionando\EWARM\Firmware_Carga\Obj\LOAD_State_Machine.o"
#        "C:\Users\lucas vitoriano\Desktop\Firmware_Carga -
#        Funcionando\EWARM\Firmware_Carga\Obj\main.o" "C:\Users\lucas
#        vitoriano\Desktop\Firmware_Carga -
#        Funcionando\EWARM\Firmware_Carga\Obj\startup_stm32f303x8.o"
#        "C:\Users\lucas vitoriano\Desktop\Firmware_Carga -
#        Funcionando\EWARM\Firmware_Carga\Obj\stm32f3xx_hal.o" "C:\Users\lucas
#        vitoriano\Desktop\Firmware_Carga -
#        Funcionando\EWARM\Firmware_Carga\Obj\stm32f3xx_hal_adc.o"
#        "C:\Users\lucas vitoriano\Desktop\Firmware_Carga -
#        Funcionando\EWARM\Firmware_Carga\Obj\stm32f3xx_hal_adc_ex.o"
#        "C:\Users\lucas vitoriano\Desktop\Firmware_Carga -
#        Funcionando\EWARM\Firmware_Carga\Obj\stm32f3xx_hal_cortex.o"
#        "C:\Users\lucas vitoriano\Desktop\Firmware_Carga -
#        Funcionando\EWARM\Firmware_Carga\Obj\stm32f3xx_hal_dac.o"
#        "C:\Users\lucas vitoriano\Desktop\Firmware_Carga -
#        Funcionando\EWARM\Firmware_Carga\Obj\stm32f3xx_hal_dac_ex.o"
#        "C:\Users\lucas vitoriano\Desktop\Firmware_Carga -
#        Funcionando\EWARM\Firmware_Carga\Obj\stm32f3xx_hal_dma.o"
#        "C:\Users\lucas vitoriano\Desktop\Firmware_Carga -
#        Funcionando\EWARM\Firmware_Carga\Obj\stm32f3xx_hal_exti.o"
#        "C:\Users\lucas vitoriano\Desktop\Firmware_Carga -
#        Funcionando\EWARM\Firmware_Carga\Obj\stm32f3xx_hal_flash.o"
#        "C:\Users\lucas vitoriano\Desktop\Firmware_Carga -
#        Funcionando\EWARM\Firmware_Carga\Obj\stm32f3xx_hal_flash_ex.o"
#        "C:\Users\lucas vitoriano\Desktop\Firmware_Carga -
#        Funcionando\EWARM\Firmware_Carga\Obj\stm32f3xx_hal_gpio.o"
#        "C:\Users\lucas vitoriano\Desktop\Firmware_Carga -
#        Funcionando\EWARM\Firmware_Carga\Obj\stm32f3xx_hal_i2c.o"
#        "C:\Users\lucas vitoriano\Desktop\Firmware_Carga -
#        Funcionando\EWARM\Firmware_Carga\Obj\stm32f3xx_hal_i2c_ex.o"
#        "C:\Users\lucas vitoriano\Desktop\Firmware_Carga -
#        Funcionando\EWARM\Firmware_Carga\Obj\stm32f3xx_hal_msp.o"
#        "C:\Users\lucas vitoriano\Desktop\Firmware_Carga -
#        Funcionando\EWARM\Firmware_Carga\Obj\stm32f3xx_hal_pwr.o"
#        "C:\Users\lucas vitoriano\Desktop\Firmware_Carga -
#        Funcionando\EWARM\Firmware_Carga\Obj\stm32f3xx_hal_pwr_ex.o"
#        "C:\Users\lucas vitoriano\Desktop\Firmware_Carga -
#        Funcionando\EWARM\Firmware_Carga\Obj\stm32f3xx_hal_rcc.o"
#        "C:\Users\lucas vitoriano\Desktop\Firmware_Carga -
#        Funcionando\EWARM\Firmware_Carga\Obj\stm32f3xx_hal_rcc_ex.o"
#        "C:\Users\lucas vitoriano\Desktop\Firmware_Carga -
#        Funcionando\EWARM\Firmware_Carga\Obj\stm32f3xx_hal_tim.o"
#        "C:\Users\lucas vitoriano\Desktop\Firmware_Carga -
#        Funcionando\EWARM\Firmware_Carga\Obj\stm32f3xx_hal_tim_ex.o"
#        "C:\Users\lucas vitoriano\Desktop\Firmware_Carga -
#        Funcionando\EWARM\Firmware_Carga\Obj\stm32f3xx_hal_uart.o"
#        "C:\Users\lucas vitoriano\Desktop\Firmware_Carga -
#        Funcionando\EWARM\Firmware_Carga\Obj\stm32f3xx_hal_uart_ex.o"
#        "C:\Users\lucas vitoriano\Desktop\Firmware_Carga -
#        Funcionando\EWARM\Firmware_Carga\Obj\stm32f3xx_it.o" "C:\Users\lucas
#        vitoriano\Desktop\Firmware_Carga -
#        Funcionando\EWARM\Firmware_Carga\Obj\system_stm32f3xx.o" --redirect
#        _Printf=_PrintfFull --redirect _Scanf=_ScanfFull -o "C:\Users\lucas
#        vitoriano\Desktop\Firmware_Carga -
#        Funcionando\EWARM\Firmware_Carga\Exe\Firmware_Carga.out" --map
#        "C:\Users\lucas vitoriano\Desktop\Firmware_Carga -
#        Funcionando\EWARM\Firmware_Carga\List\Firmware_Carga.map" --config
#        "C:\Users\lucas vitoriano\Desktop\Firmware_Carga -
#        Funcionando\EWARM/stm32f303x8_flash.icf" --semihosting --entry
#        __iar_program_start --vfe --text_out locale)
#
###############################################################################

*******************************************************************************
*** RUNTIME MODEL ATTRIBUTES
***

CppFlavor       = *
__SystemLibrary = DLib
__dlib_version  = 6


*******************************************************************************
*** HEAP SELECTION
***

The basic heap was selected because no calls to memory allocation
functions were found in the application outside of system library
functions, and there are calls to deallocation functions in the
application.


*******************************************************************************
*** PLACEMENT SUMMARY
***

"A0":  place at 0x08000000 { ro section .intvec };
"P1":  place in [from 0x08000000 to 0x0800ffff] { ro };
define block CSTACK with size = 1K, alignment = 8 { };
define block HEAP with size = 512, alignment = 8 { };
"P2":  place in [from 0x20000000 to 0x20002fff] {
          rw, block CSTACK, block HEAP };
initialize by copy { rw };

  Section            Kind        Address    Size  Object
  -------            ----        -------    ----  ------
"A0":                                      0x188
  .intvec            ro code  0x08000000   0x188  startup_stm32f303x8.o [1]
                            - 0x08000188   0x188

"P1":                                     0x36a0
  .text              ro code  0x08000188   0xb50  stm32f3xx_hal_adc_ex.o [1]
  .text              ro code  0x08000cd8   0x1f4  stm32f3xx_hal_msp.o [1]
  .text              ro code  0x08000ecc   0x208  stm32f3xx_hal_dma.o [1]
  .text              ro code  0x080010d4     0xc  stm32f3xx_hal.o [1]
  .text              ro code  0x080010e0     0x2  stm32f3xx_hal_adc.o [1]
  .text              ro code  0x080010e2     0x2  stm32f3xx_hal_adc.o [1]
  .text              ro code  0x080010e4     0x2  stm32f3xx_hal_adc.o [1]
  .text              ro code  0x080010e8     0x6  ABImemclr4.o [5]
  .text              ro code  0x080010f0   0x1d8  stm32f3xx_hal_gpio.o [1]
  .text              ro code  0x080012c8   0x352  main.o [1]
  .text              ro code  0x0800161c    0x32  ABImemset48.o [5]
  .text              ro code  0x08001650    0x28  stm32f3xx_hal.o [1]
  .text              ro code  0x08001678    0xa0  LOAD_State_Machine.o [1]
  .text              ro code  0x08001718   0xaa4  stm32f3xx_hal_rcc.o [1]
  .text              ro code  0x080021bc   0x1c0  stm32f3xx_hal_rcc_ex.o [1]
  .text              ro code  0x0800237c    0x2c  stm32f3xx_hal_dac.o [1]
  .text              ro code  0x080023a8   0x118  stm32f3xx_hal_dac_ex.o [1]
  .text              ro code  0x080024c0   0x30a  stm32f3xx_hal_tim.o [1]
  .text              ro code  0x080027cc    0x8c  stm32f3xx_hal_tim_ex.o [1]
  .text              ro code  0x08002858   0x696  stm32f3xx_hal_uart.o [1]
  .text              ro code  0x08002ef0   0x14c  stm32f3xx_hal_cortex.o [1]
  .text              ro code  0x0800303c    0x4c  stm32f3xx_hal.o [1]
  .text              ro code  0x08003088    0x7c  Load.o [1]
  .text              ro code  0x08003104   0x20c  com_protocol.o [1]
  .text              ro code  0x08003310    0x28  stm32f3xx_hal.o [1]
  .text              ro code  0x08003338    0x48  FltToDbl.o [4]
  .text              ro code  0x08003380   0x1a2  DblMul.o [4]
  .text              ro code  0x08003524    0x68  DblToFlt.o [4]
  .text              ro code  0x0800358c    0x40  zero_init3.o [5]
  .text              ro code  0x080035cc    0x2c  copy_init3.o [5]
  .text              ro code  0x080035f8    0x28  stm32f3xx_it.o [1]
  .text              ro code  0x08003620    0x18  stm32f3xx_hal.o [1]
  .text              ro code  0x08003638    0x28  data_init.o [5]
  .text              ro code  0x08003660    0x22  fpinit_M.o [4]
  .iar.init_table    const    0x08003684    0x24  - Linker created -
  .text              ro code  0x080036a8    0x1e  cmain.o [5]
  .text              ro code  0x080036c6     0x4  low_level_init.o [3]
  .text              ro code  0x080036ca     0x4  exit.o [3]
  .text              ro code  0x080036d0     0xa  cexit.o [5]
  .text              ro code  0x080036dc    0x14  exit.o [6]
  Initializer bytes  const    0x080036f0    0x1c  <for P2-1>
  .text              ro code  0x0800370c    0x14  system_stm32f3xx.o [1]
  .rodata            const    0x08003720    0x10  stm32f3xx_hal_rcc.o [1]
  .rodata            const    0x08003730    0x10  stm32f3xx_hal_rcc.o [1]
  .rodata            const    0x08003740    0x10  system_stm32f3xx.o [1]
  .text              ro code  0x08003750    0x10  startup_stm32f303x8.o [1]
  .rodata            const    0x08003760     0xc  com_protocol.o [1]
  .text              ro code  0x0800376c     0xc  cstartup_M.o [5]
  .rodata            const    0x08003778     0x8  system_stm32f3xx.o [1]
  .text              ro code  0x08003780     0x4  startup_stm32f303x8.o [1]
  .text              ro code  0x08003784     0x4  startup_stm32f303x8.o [1]
  .text              ro code  0x08003788     0x4  startup_stm32f303x8.o [1]
  .text              ro code  0x0800378c     0x4  startup_stm32f303x8.o [1]
  .text              ro code  0x08003790     0x4  startup_stm32f303x8.o [1]
  .text              ro code  0x08003794     0x4  startup_stm32f303x8.o [1]
  .text              ro code  0x08003798     0x4  startup_stm32f303x8.o [1]
  .text              ro code  0x0800379c     0x4  startup_stm32f303x8.o [1]
  .text              ro code  0x080037a0     0x4  startup_stm32f303x8.o [1]
  .text              ro code  0x080037a4     0x4  startup_stm32f303x8.o [1]
  .text              ro code  0x080037a8     0x4  startup_stm32f303x8.o [1]
  .text              ro code  0x080037ac     0x4  startup_stm32f303x8.o [1]
  .text              ro code  0x080037b0     0x4  startup_stm32f303x8.o [1]
  .text              ro code  0x080037b4     0x4  startup_stm32f303x8.o [1]
  .text              ro code  0x080037b8     0x4  startup_stm32f303x8.o [1]
  .text              ro code  0x080037bc     0x4  startup_stm32f303x8.o [1]
  .text              ro code  0x080037c0     0x4  startup_stm32f303x8.o [1]
  .text              ro code  0x080037c4     0x4  startup_stm32f303x8.o [1]
  .text              ro code  0x080037c8     0x4  startup_stm32f303x8.o [1]
  .text              ro code  0x080037cc     0x4  startup_stm32f303x8.o [1]
  .text              ro code  0x080037d0     0x4  startup_stm32f303x8.o [1]
  .text              ro code  0x080037d4     0x4  startup_stm32f303x8.o [1]
  .text              ro code  0x080037d8     0x4  startup_stm32f303x8.o [1]
  .text              ro code  0x080037dc     0x4  startup_stm32f303x8.o [1]
  .text              ro code  0x080037e0     0x4  startup_stm32f303x8.o [1]
  .text              ro code  0x080037e4     0x4  startup_stm32f303x8.o [1]
  .text              ro code  0x080037e8     0x4  startup_stm32f303x8.o [1]
  .text              ro code  0x080037ec     0x4  startup_stm32f303x8.o [1]
  .text              ro code  0x080037f0     0x4  startup_stm32f303x8.o [1]
  .text              ro code  0x080037f4     0x4  startup_stm32f303x8.o [1]
  .text              ro code  0x080037f8     0x4  startup_stm32f303x8.o [1]
  .text              ro code  0x080037fc     0x4  startup_stm32f303x8.o [1]
  .text              ro code  0x08003800     0x4  startup_stm32f303x8.o [1]
  .text              ro code  0x08003804     0x4  startup_stm32f303x8.o [1]
  .text              ro code  0x08003808     0x4  startup_stm32f303x8.o [1]
  .text              ro code  0x0800380c     0x4  startup_stm32f303x8.o [1]
  .text              ro code  0x08003810     0x4  startup_stm32f303x8.o [1]
  .text              ro code  0x08003814     0x4  startup_stm32f303x8.o [1]
  .text              ro code  0x08003818     0x4  startup_stm32f303x8.o [1]
  .text              ro code  0x0800381c     0x4  startup_stm32f303x8.o [1]
  .text              ro code  0x08003820     0x4  startup_stm32f303x8.o [1]
  .text              ro code  0x08003824     0x4  startup_stm32f303x8.o [1]
  .rodata            const    0x08003828     0x0  zero_init3.o [5]
  .rodata            const    0x08003828     0x0  copy_init3.o [5]
                            - 0x08003828  0x36a0

"P2", part 1 of 3:                          0x1c
  P2-1                        0x20000000    0x19  <Init block>
    .data            inited   0x20000000     0x4  Load.o [1]
    .data            inited   0x20000004     0xc  LOAD_State_Machine.o [1]
    .data            inited   0x20000010     0x4  stm32f3xx_hal.o [1]
    .data            inited   0x20000014     0x4  system_stm32f3xx.o [1]
    .data            inited   0x20000018     0x1  stm32f3xx_hal.o [1]
                            - 0x20000019    0x19

"P2", part 2 of 3:                         0x1a8
  .bss               zero     0x2000001c    0x84  main.o [1]
  .bss               zero     0x200000a0    0x50  main.o [1]
  .bss               zero     0x200000f0    0x4c  main.o [1]
  .bss               zero     0x2000013c    0x44  main.o [1]
  .bss               zero     0x20000180    0x14  main.o [1]
  .bss               zero     0x20000194     0x8  com_protocol.o [1]
  .bss               zero     0x2000019c     0x8  com_protocol.o [1]
  .bss               zero     0x200001a4     0x4  Load.o [1]
  .bss               zero     0x200001a8     0x4  LOAD_State_Machine.o [1]
  .bss               zero     0x200001ac     0x4  LOAD_State_Machine.o [1]
  .bss               zero     0x200001b0     0x4  LOAD_State_Machine.o [1]
  .bss               zero     0x200001b4     0x4  LOAD_State_Machine.o [1]
  .bss               zero     0x200001b8     0x4  LOAD_State_Machine.o [1]
  .bss               zero     0x200001bc     0x4  stm32f3xx_hal.o [1]
  .bss               zero     0x200001c0     0x1  com_protocol.o [1]
  .bss               zero     0x200001c1     0x1  LOAD_State_Machine.o [1]
                            - 0x200001c2   0x1a6

"P2", part 3 of 3:                         0x400
  CSTACK                      0x200001c8   0x400  <Block>
    CSTACK           uninit   0x200001c8   0x400  <Block tail>
                            - 0x200005c8   0x400


*******************************************************************************
*** INIT TABLE
***

          Address     Size
          -------     ----
Zero (__iar_zero_init3)
    1 destination range, total size 0x1a6:
          0x2000001c  0x1a6

Copy (__iar_copy_init3)
    1 source range, total size 0x1c (112% of destination):
          0x080036f0   0x1c
    1 destination range, total size 0x19:
          0x20000000   0x19



*******************************************************************************
*** MODULE SUMMARY
***

    Module                  ro code  ro data  rw data
    ------                  -------  -------  -------
C:\Users\lucas vitoriano\Desktop\Firmware_Carga - Funcionando\EWARM\Firmware_Carga\Obj: [1]
    LOAD_State_Machine.o        160       12       33
    Load.o                      124        4        8
    com_protocol.o              524       12       17
    main.o                      850               376
    startup_stm32f303x8.o       576
    stm32f3xx_hal.o             192        5        9
    stm32f3xx_hal_adc.o           6
    stm32f3xx_hal_adc_ex.o    2 896
    stm32f3xx_hal_cortex.o      332
    stm32f3xx_hal_dac.o          44
    stm32f3xx_hal_dac_ex.o      280
    stm32f3xx_hal_dma.o         520
    stm32f3xx_hal_gpio.o        472
    stm32f3xx_hal_msp.o         500
    stm32f3xx_hal_rcc.o       2 724       32
    stm32f3xx_hal_rcc_ex.o      448
    stm32f3xx_hal_tim.o         778
    stm32f3xx_hal_tim_ex.o      140
    stm32f3xx_hal_uart.o      1 686
    stm32f3xx_it.o               40
    system_stm32f3xx.o           20       28        4
    -------------------------------------------------
    Total:                   13 312       93      447

command line: [2]
    -------------------------------------------------
    Total:

dl7M_tln.a: [3]
    exit.o                        4
    low_level_init.o              4
    -------------------------------------------------
    Total:                        8

m7M_tls.a: [4]
    DblMul.o                    418
    DblToFlt.o                  104
    FltToDbl.o                   72
    fpinit_M.o                   34
    -------------------------------------------------
    Total:                      628

rt7M_tl.a: [5]
    ABImemclr4.o                  6
    ABImemset48.o                50
    cexit.o                      10
    cmain.o                      30
    copy_init3.o                 44
    cstartup_M.o                 12
    data_init.o                  40
    zero_init3.o                 64
    -------------------------------------------------
    Total:                      256

shb_l.a: [6]
    exit.o                       20
    -------------------------------------------------
    Total:                       20

    Gaps                         18        2
    Linker created                        39    1 024
-----------------------------------------------------
    Grand Total:             14 242      134    1 471


*******************************************************************************
*** ENTRY LIST
***

Entry                      Address   Size  Type      Object
-----                      -------   ----  ----      ------
.iar.init_table$$Base   0x08003684          --   Gb  - Linker created -
.iar.init_table$$Limit  0x080036a8          --   Gb  - Linker created -
?main                   0x080036a9         Code  Gb  cmain.o [5]
ADC_DMAConvCplt         0x08000b35   0x4e  Code  Lc  stm32f3xx_hal_adc_ex.o [1]
ADC_DMAError            0x08000b91   0x1e  Code  Lc  stm32f3xx_hal_adc_ex.o [1]
ADC_DMAHalfConvCplt     0x08000b83    0xe  Code  Lc  stm32f3xx_hal_adc_ex.o [1]
ADC_Disable             0x08000c35   0x8e  Code  Lc  stm32f3xx_hal_adc_ex.o [1]
ADC_Enable              0x08000baf   0x86  Code  Lc  stm32f3xx_hal_adc_ex.o [1]
ADC_VALUES              0x200001a4    0x4  Data  Gb  Load.o [1]
AHBPrescTable           0x08003740   0x10  Data  Gb  system_stm32f3xx.o [1]
APBPrescTable           0x08003778    0x8  Data  Gb  system_stm32f3xx.o [1]
BusFault_Handler        0x080035ff    0x2  Code  Gb  stm32f3xx_it.o [1]
CHECKSUM                0x0800321b   0x34  Code  Gb  com_protocol.o [1]
COM_Protocol_Check_Menssage
                        0x080031cf   0x4c  Code  Gb  com_protocol.o [1]
COM_Protocol_Receive_Communication_Control
                        0x08003105   0x88  Code  Gb  com_protocol.o [1]
COM_Protocol_Report_Erro
                        0x0800324f   0x30  Code  Gb  com_protocol.o [1]
COM_Protocol_Transceiver_Communication_Control
                        0x0800318d   0x42  Code  Gb  com_protocol.o [1]
CSTACK$$Base            0x200001c8          --   Gb  - Linker created -
CSTACK$$Limit           0x200005c8          --   Gb  - Linker created -
Carga_Init              0x08003089   0x1c  Code  Gb  Load.o [1]
Convert_Data1_And_Data2_to_uint16_t
                        0x080032b5   0x3a  Code  Gb  com_protocol.o [1]
Convert_Received_Serial_Message_To_Load_State
                        0x0800327f   0x34  Code  Gb  com_protocol.o [1]
DMA1_Channel1_IRQHandler
                        0x08003611    0xa  Code  Gb  stm32f3xx_it.o [1]
DMA_CalcBaseAndBitshift
                        0x080010b5   0x16  Code  Lc  stm32f3xx_hal_dma.o [1]
DMA_SetConfig           0x08001089   0x2c  Code  Lc  stm32f3xx_hal_dma.o [1]
DebugMon_Handler        0x08003605    0x2  Code  Gb  stm32f3xx_it.o [1]
Error_Handler           0x08001619    0x2  Code  Gb  main.o [1]
HAL_ADCEx_Calibration_Start
                        0x08000529   0xa8  Code  Gb  stm32f3xx_hal_adc_ex.o [1]
HAL_ADCEx_MultiModeConfigChannel
                        0x08000a0d  0x122  Code  Gb  stm32f3xx_hal_adc_ex.o [1]
HAL_ADC_ConfigChannel   0x080005e9  0x420  Code  Gb  stm32f3xx_hal_adc_ex.o [1]
HAL_ADC_ConvCpltCallback
                        0x080010e1    0x2  Code  Wk  stm32f3xx_hal_adc.o [1]
HAL_ADC_ConvHalfCpltCallback
                        0x080010e3    0x2  Code  Wk  stm32f3xx_hal_adc.o [1]
HAL_ADC_ErrorCallback   0x080010e5    0x2  Code  Wk  stm32f3xx_hal_adc.o [1]
HAL_ADC_Init            0x08000189  0x242  Code  Gb  stm32f3xx_hal_adc_ex.o [1]
HAL_ADC_MspInit         0x08000d0f   0xac  Code  Gb  stm32f3xx_hal_msp.o [1]
HAL_ADC_Start_DMA       0x080003cb  0x144  Code  Gb  stm32f3xx_hal_adc_ex.o [1]
HAL_DAC_ConfigChannel   0x0800243f   0x7a  Code  Gb  stm32f3xx_hal_dac_ex.o [1]
HAL_DAC_Init            0x0800237d   0x2c  Code  Gb  stm32f3xx_hal_dac.o [1]
HAL_DAC_MspInit         0x08000dbb   0x60  Code  Gb  stm32f3xx_hal_msp.o [1]
HAL_DAC_SetValue        0x080023a9   0x30  Code  Gb  stm32f3xx_hal_dac_ex.o [1]
HAL_DAC_Start           0x080023d9   0x66  Code  Gb  stm32f3xx_hal_dac_ex.o [1]
HAL_DMA_IRQHandler      0x08000fbb   0xce  Code  Gb  stm32f3xx_hal_dma.o [1]
HAL_DMA_Init            0x08000ecd   0x56  Code  Gb  stm32f3xx_hal_dma.o [1]
HAL_DMA_Start_IT        0x08000f23   0x98  Code  Gb  stm32f3xx_hal_dma.o [1]
HAL_Delay               0x08003311   0x28  Code  Wk  stm32f3xx_hal.o [1]
HAL_GPIO_Init           0x080010f1  0x1b4  Code  Gb  stm32f3xx_hal_gpio.o [1]
HAL_GetTick             0x080010d5    0xc  Code  Wk  stm32f3xx_hal.o [1]
HAL_IncTick             0x08003621   0x18  Code  Wk  stm32f3xx_hal.o [1]
HAL_Init                0x08001651   0x22  Code  Gb  stm32f3xx_hal.o [1]
HAL_InitTick            0x0800303d   0x4c  Code  Wk  stm32f3xx_hal.o [1]
HAL_MspInit             0x08000cd9   0x36  Code  Gb  stm32f3xx_hal_msp.o [1]
HAL_NVIC_EnableIRQ      0x08003001    0xe  Code  Gb  stm32f3xx_hal_cortex.o [1]
HAL_NVIC_SetPriority    0x08002fd7   0x2a  Code  Gb  stm32f3xx_hal_cortex.o [1]
HAL_NVIC_SetPriorityGrouping
                        0x08002fcb    0xc  Code  Gb  stm32f3xx_hal_cortex.o [1]
HAL_RCCEx_PeriphCLKConfig
                        0x080021bd  0x1a2  Code  Gb  stm32f3xx_hal_rcc_ex.o [1]
HAL_RCC_ClockConfig     0x08001ec3  0x1f8  Code  Gb  stm32f3xx_hal_rcc.o [1]
HAL_RCC_GetHCLKFreq     0x0800212b    0x6  Code  Gb  stm32f3xx_hal_rcc.o [1]
HAL_RCC_GetPCLK1Freq    0x08002131   0x20  Code  Gb  stm32f3xx_hal_rcc.o [1]
HAL_RCC_GetPCLK2Freq    0x08002151   0x20  Code  Gb  stm32f3xx_hal_rcc.o [1]
HAL_RCC_GetSysClockFreq
                        0x080020bb   0x70  Code  Gb  stm32f3xx_hal_rcc.o [1]
HAL_RCC_OscConfig       0x08001719  0x7aa  Code  Gb  stm32f3xx_hal_rcc.o [1]
HAL_SYSTICK_Config      0x0800300f    0xc  Code  Gb  stm32f3xx_hal_cortex.o [1]
HAL_TIMEx_MasterConfigSynchronization
                        0x080027cd   0x7e  Code  Gb  stm32f3xx_hal_tim_ex.o [1]
HAL_TIM_Base_Init       0x080024c1   0x7a  Code  Gb  stm32f3xx_hal_tim.o [1]
HAL_TIM_Base_MspInit    0x08000e1b   0x26  Code  Gb  stm32f3xx_hal_msp.o [1]
HAL_TIM_Base_Start      0x0800253b   0x6e  Code  Gb  stm32f3xx_hal_tim.o [1]
HAL_TIM_ConfigClockSource
                        0x080025b9   0xf6  Code  Gb  stm32f3xx_hal_tim.o [1]
HAL_UART_Init           0x08002859   0x7a  Code  Gb  stm32f3xx_hal_uart.o [1]
HAL_UART_MspInit        0x08000e41   0x6a  Code  Gb  stm32f3xx_hal_msp.o [1]
HAL_UART_Receive        0x080029ad  0x14a  Code  Gb  stm32f3xx_hal_uart.o [1]
HAL_UART_Transmit       0x080028d3   0xda  Code  Gb  stm32f3xx_hal_uart.o [1]
HardFault_Handler       0x080035fb    0x2  Code  Gb  stm32f3xx_it.o [1]
I_To_AD_Converter       0x20000000    0x4  Data  Gb  Load.o [1]
Load_State_Machine      0x0800169b   0x5a  Code  Gb  LOAD_State_Machine.o [1]
Load_State_Machine_Init
                        0x08001679   0x22  Code  Gb  LOAD_State_Machine.o [1]
MX_ADC1_Init            0x0800138d   0xdc  Code  Lc  main.o [1]
MX_DAC1_Init            0x08001469   0x3e  Code  Lc  main.o [1]
MX_DMA_Init             0x0800157f   0x2c  Code  Lc  main.o [1]
MX_GPIO_Init            0x080015ab   0x4e  Code  Lc  main.o [1]
MX_TIM1_Init            0x080014a7   0x88  Code  Lc  main.o [1]
MX_USART1_UART_Init     0x0800152f   0x50  Code  Lc  main.o [1]
MemManage_Handler       0x080035fd    0x2  Code  Gb  stm32f3xx_it.o [1]
NMI_Handler             0x080035f9    0x2  Code  Gb  stm32f3xx_it.o [1]
NVIC_EncodePriority     0x08002f59   0x42  Code  Lc  stm32f3xx_hal_cortex.o [1]
PendSV_Handler          0x08003607    0x2  Code  Gb  stm32f3xx_it.o [1]
Received_UART_Message   0x2000019c    0x8  Data  Gb  com_protocol.o [1]
Region$$Table$$Base     0x08003684          --   Gb  - Linker created -
Region$$Table$$Limit    0x080036a8          --   Gb  - Linker created -
SET_CURRENT             0x080030a5   0x34  Code  Gb  Load.o [1]
SVC_Handler             0x08003603    0x2  Code  Gb  stm32f3xx_it.o [1]
Status_Message          0x200001c1    0x1  Data  Gb  LOAD_State_Machine.o [1]
Status_Message_Receiver
                        0x20000194    0x8  Data  Gb  com_protocol.o [1]
Status_Message_Transceiver
                        0x200001c0    0x1  Data  Gb  com_protocol.o [1]
SysTick_Config          0x08002f9b   0x30  Code  Lc  stm32f3xx_hal_cortex.o [1]
SysTick_Handler         0x08003609    0x8  Code  Gb  stm32f3xx_it.o [1]
SystemClock_Config      0x080012f5   0x98  Code  Gb  main.o [1]
SystemCoreClock         0x20000014    0x4  Data  Gb  system_stm32f3xx.o [1]
SystemInit              0x0800370d    0xe  Code  Gb  system_stm32f3xx.o [1]
TIM_Base_SetConfig      0x080026af   0x92  Code  Gb  stm32f3xx_hal_tim.o [1]
TIM_ETR_SetConfig       0x080027b3   0x18  Code  Gb  stm32f3xx_hal_tim.o [1]
TIM_ITRx_SetConfig      0x080027a3   0x10  Code  Lc  stm32f3xx_hal_tim.o [1]
TIM_TI1_ConfigInputStage
                        0x08002759   0x24  Code  Lc  stm32f3xx_hal_tim.o [1]
TIM_TI2_ConfigInputStage
                        0x0800277d   0x26  Code  Lc  stm32f3xx_hal_tim.o [1]
TURN_LOAD_OFF           0x080030d9   0x18  Code  Gb  Load.o [1]
UART_AdvFeatureConfig   0x08002cc1   0xda  Code  Gb  stm32f3xx_hal_uart.o [1]
UART_CheckIdleState     0x08002d9b   0x6e  Code  Gb  stm32f3xx_hal_uart.o [1]
UART_SetConfig          0x08002af7  0x1b0  Code  Gb  stm32f3xx_hal_uart.o [1]
UART_WaitOnFlagUntilTimeout
                        0x08002e09   0xe6  Code  Gb  stm32f3xx_hal_uart.o [1]
UsageFault_Handler      0x08003601    0x2  Code  Gb  stm32f3xx_it.o [1]
__NVIC_EnableIRQ        0x08002f17   0x1c  Code  Lc  stm32f3xx_hal_cortex.o [1]
__NVIC_GetPriorityGrouping
                        0x08002f0d    0xa  Code  Lc  stm32f3xx_hal_cortex.o [1]
__NVIC_SetPriority      0x08002f33   0x26  Code  Lc  stm32f3xx_hal_cortex.o [1]
__NVIC_SetPriorityGrouping
                        0x08002ef1   0x1c  Code  Lc  stm32f3xx_hal_cortex.o [1]
__aeabi_d2f             0x08003525         Code  Gb  DblToFlt.o [4]
__aeabi_dmul            0x08003381         Code  Gb  DblMul.o [4]
__aeabi_f2d             0x08003339         Code  Gb  FltToDbl.o [4]
__aeabi_memclr4         0x080010e9         Code  Gb  ABImemclr4.o [5]
__cmain                 0x080036a9         Code  Gb  cmain.o [5]
__exit                  0x080036dd   0x14  Code  Gb  exit.o [6]
__iar_Memset4_word      0x0800161d         Code  Gb  ABImemset48.o [5]
__iar_Memset8_word      0x0800161d         Code  Gb  ABImemset48.o [5]
__iar_copy_init3        0x080035cd   0x2c  Code  Gb  copy_init3.o [5]
__iar_data_init3        0x08003639   0x28  Code  Gb  data_init.o [5]
__iar_init_vfp          0x08003661         Code  Gb  fpinit_M.o [4]
__iar_program_start     0x0800376d         Code  Gb  cstartup_M.o [5]
__iar_systems$$module {Abs}
                        0x00000001         Data  Gb  command line/config [2]
__iar_zero_init3        0x0800358d   0x40  Code  Gb  zero_init3.o [5]
__low_level_init        0x080036c7    0x4  Code  Gb  low_level_init.o [3]
__vector_table          0x08000000         Data  Gb  startup_stm32f303x8.o [1]
_call_main              0x080036b5         Code  Gb  cmain.o [5]
_exit                   0x080036d1         Code  Gb  cexit.o [5]
_main                   0x080036c3         Code  Gb  cmain.o [5]
aPLLMULFactorTable      0x08003720   0x10  Data  Gb  stm32f3xx_hal_rcc.o [1]
aPredivFactorTable      0x08003730   0x10  Data  Gb  stm32f3xx_hal_rcc.o [1]
current_A               0x200001b0    0x4  Data  Gb  LOAD_State_Machine.o [1]
exit                    0x080036cb    0x4  Code  Gb  exit.o [3]
hadc1                   0x200000a0   0x50  Data  Gb  main.o [1]
hdac1                   0x20000180   0x14  Data  Gb  main.o [1]
hdma_adc1               0x2000013c   0x44  Data  Gb  main.o [1]
htim1                   0x200000f0   0x4c  Data  Gb  main.o [1]
huart1                  0x2000001c   0x84  Data  Gb  main.o [1]
initial_time            0x200001ac    0x4  Data  Gb  LOAD_State_Machine.o [1]
load                    0x20000004    0xc  Data  Gb  LOAD_State_Machine.o [1]
main                    0x080012c9   0x2c  Code  Gb  main.o [1]
original_time           0x200001a8    0x4  Data  Gb  LOAD_State_Machine.o [1]
potency_W               0x200001b4    0x4  Data  Gb  LOAD_State_Machine.o [1]
resistance_Ohms         0x200001b8    0x4  Data  Gb  LOAD_State_Machine.o [1]
uwTick                  0x200001bc    0x4  Data  Gb  stm32f3xx_hal.o [1]
uwTickFreq              0x20000018    0x1  Data  Gb  stm32f3xx_hal.o [1]
uwTickPrio              0x20000010    0x4  Data  Gb  stm32f3xx_hal.o [1]


[1] = C:\Users\lucas vitoriano\Desktop\Firmware_Carga - Funcionando\EWARM\Firmware_Carga\Obj
[2] = command line
[3] = dl7M_tln.a
[4] = m7M_tls.a
[5] = rt7M_tl.a
[6] = shb_l.a

  14 242 bytes of readonly  code memory
     134 bytes of readonly  data memory
   1 471 bytes of readwrite data memory

Errors: none
Warnings: none
