###############################################################################
#
# IAR ELF Linker V8.20.1.14183/W32 for ARM                15/Jun/2022  16:19:53
# Copyright 2007-2017 IAR Systems AB.
#
#    Output file  =  
#        C:\Users\lucas vitoriano\Desktop\Firmware_Carga -
#        Funcionando\EWARM\Firmware_Carga\Exe\Firmware_Carga.out
#    Map file     =  
#        C:\Users\lucas vitoriano\Desktop\Firmware_Carga -
#        Funcionando\EWARM\Firmware_Carga\List\Firmware_Carga.map
#    Command line =  
#        -f C:\Users\LUCASV~1\AppData\Local\Temp\EW4B02.tmp ("C:\Users\lucas
#        vitoriano\Desktop\Firmware_Carga -
#        Funcionando\EWARM\Firmware_Carga\Obj\com_protocol.o" "C:\Users\lucas
#        vitoriano\Desktop\Firmware_Carga -
#        Funcionando\EWARM\Firmware_Carga\Obj\Load.o" "C:\Users\lucas
#        vitoriano\Desktop\Firmware_Carga -
#        Funcionando\EWARM\Firmware_Carga\Obj\LOAD_State_Machine.o"
#        "C:\Users\lucas vitoriano\Desktop\Firmware_Carga -
#        Funcionando\EWARM\Firmware_Carga\Obj\main.o" "C:\Users\lucas
#        vitoriano\Desktop\Firmware_Carga -
#        Funcionando\EWARM\Firmware_Carga\Obj\startup_stm32f303x8.o"
#        "C:\Users\lucas vitoriano\Desktop\Firmware_Carga -
#        Funcionando\EWARM\Firmware_Carga\Obj\stm32f3xx_hal.o" "C:\Users\lucas
#        vitoriano\Desktop\Firmware_Carga -
#        Funcionando\EWARM\Firmware_Carga\Obj\stm32f3xx_hal_adc.o"
#        "C:\Users\lucas vitoriano\Desktop\Firmware_Carga -
#        Funcionando\EWARM\Firmware_Carga\Obj\stm32f3xx_hal_adc_ex.o"
#        "C:\Users\lucas vitoriano\Desktop\Firmware_Carga -
#        Funcionando\EWARM\Firmware_Carga\Obj\stm32f3xx_hal_cortex.o"
#        "C:\Users\lucas vitoriano\Desktop\Firmware_Carga -
#        Funcionando\EWARM\Firmware_Carga\Obj\stm32f3xx_hal_dac.o"
#        "C:\Users\lucas vitoriano\Desktop\Firmware_Carga -
#        Funcionando\EWARM\Firmware_Carga\Obj\stm32f3xx_hal_dac_ex.o"
#        "C:\Users\lucas vitoriano\Desktop\Firmware_Carga -
#        Funcionando\EWARM\Firmware_Carga\Obj\stm32f3xx_hal_dma.o"
#        "C:\Users\lucas vitoriano\Desktop\Firmware_Carga -
#        Funcionando\EWARM\Firmware_Carga\Obj\stm32f3xx_hal_exti.o"
#        "C:\Users\lucas vitoriano\Desktop\Firmware_Carga -
#        Funcionando\EWARM\Firmware_Carga\Obj\stm32f3xx_hal_flash.o"
#        "C:\Users\lucas vitoriano\Desktop\Firmware_Carga -
#        Funcionando\EWARM\Firmware_Carga\Obj\stm32f3xx_hal_flash_ex.o"
#        "C:\Users\lucas vitoriano\Desktop\Firmware_Carga -
#        Funcionando\EWARM\Firmware_Carga\Obj\stm32f3xx_hal_gpio.o"
#        "C:\Users\lucas vitoriano\Desktop\Firmware_Carga -
#        Funcionando\EWARM\Firmware_Carga\Obj\stm32f3xx_hal_i2c.o"
#        "C:\Users\lucas vitoriano\Desktop\Firmware_Carga -
#        Funcionando\EWARM\Firmware_Carga\Obj\stm32f3xx_hal_i2c_ex.o"
#        "C:\Users\lucas vitoriano\Desktop\Firmware_Carga -
#        Funcionando\EWARM\Firmware_Carga\Obj\stm32f3xx_hal_msp.o"
#        "C:\Users\lucas vitoriano\Desktop\Firmware_Carga -
#        Funcionando\EWARM\Firmware_Carga\Obj\stm32f3xx_hal_pwr.o"
#        "C:\Users\lucas vitoriano\Desktop\Firmware_Carga -
#        Funcionando\EWARM\Firmware_Carga\Obj\stm32f3xx_hal_pwr_ex.o"
#        "C:\Users\lucas vitoriano\Desktop\Firmware_Carga -
#        Funcionando\EWARM\Firmware_Carga\Obj\stm32f3xx_hal_rcc.o"
#        "C:\Users\lucas vitoriano\Desktop\Firmware_Carga -
#        Funcionando\EWARM\Firmware_Carga\Obj\stm32f3xx_hal_rcc_ex.o"
#        "C:\Users\lucas vitoriano\Desktop\Firmware_Carga -
#        Funcionando\EWARM\Firmware_Carga\Obj\stm32f3xx_hal_tim.o"
#        "C:\Users\lucas vitoriano\Desktop\Firmware_Carga -
#        Funcionando\EWARM\Firmware_Carga\Obj\stm32f3xx_hal_tim_ex.o"
#        "C:\Users\lucas vitoriano\Desktop\Firmware_Carga -
#        Funcionando\EWARM\Firmware_Carga\Obj\stm32f3xx_hal_uart.o"
#        "C:\Users\lucas vitoriano\Desktop\Firmware_Carga -
#        Funcionando\EWARM\Firmware_Carga\Obj\stm32f3xx_hal_uart_ex.o"
#        "C:\Users\lucas vitoriano\Desktop\Firmware_Carga -
#        Funcionando\EWARM\Firmware_Carga\Obj\stm32f3xx_it.o" "C:\Users\lucas
#        vitoriano\Desktop\Firmware_Carga -
#        Funcionando\EWARM\Firmware_Carga\Obj\system_stm32f3xx.o" --redirect
#        _Printf=_PrintfFull --redirect _Scanf=_ScanfFull -o "C:\Users\lucas
#        vitoriano\Desktop\Firmware_Carga -
#        Funcionando\EWARM\Firmware_Carga\Exe\Firmware_Carga.out" --map
#        "C:\Users\lucas vitoriano\Desktop\Firmware_Carga -
#        Funcionando\EWARM\Firmware_Carga\List\Firmware_Carga.map" --config
#        "C:\Users\lucas vitoriano\Desktop\Firmware_Carga -
#        Funcionando\EWARM/stm32f303x8_flash.icf" --semihosting --entry
#        __iar_program_start --vfe --text_out locale)
#
###############################################################################

*******************************************************************************
*** RUNTIME MODEL ATTRIBUTES
***

CppFlavor       = *
__SystemLibrary = DLib
__dlib_version  = 6


*******************************************************************************
*** HEAP SELECTION
***

The basic heap was selected because no calls to memory allocation
functions were found in the application outside of system library
functions, and there are calls to deallocation functions in the
application.


*******************************************************************************
*** PLACEMENT SUMMARY
***

"A0":  place at 0x08000000 { ro section .intvec };
"P1":  place in [from 0x08000000 to 0x0800ffff] { ro };
define block CSTACK with size = 1K, alignment = 8 { };
define block HEAP with size = 512, alignment = 8 { };
"P2":  place in [from 0x20000000 to 0x20002fff] {
          rw, block CSTACK, block HEAP };
initialize by copy { rw };

  Section            Kind        Address    Size  Object
  -------            ----        -------    ----  ------
"A0":                                      0x188
  .intvec            ro code  0x08000000   0x188  startup_stm32f303x8.o [1]
                            - 0x08000188   0x188

"P1":                                     0x4198
  .text              ro code  0x08000188   0xb50  stm32f3xx_hal_adc_ex.o [1]
  .text              ro code  0x08000cd8   0x218  stm32f3xx_hal_msp.o [1]
  .text              ro code  0x08000ef0   0x208  stm32f3xx_hal_dma.o [1]
  .text              ro code  0x080010f8     0xc  stm32f3xx_hal.o [1]
  .text              ro code  0x08001104     0x2  stm32f3xx_hal_adc.o [1]
  .text              ro code  0x08001106     0x2  stm32f3xx_hal_adc.o [1]
  .text              ro code  0x08001108     0x2  stm32f3xx_hal_adc.o [1]
  .text              ro code  0x0800110c     0x6  ABImemclr4.o [5]
  .text              ro code  0x08001114   0x300  stm32f3xx_hal_gpio.o [1]
  .text              ro code  0x08001414   0x372  main.o [1]
  .text              ro code  0x08001788    0x32  ABImemset48.o [5]
  .text              ro code  0x080017bc    0x28  stm32f3xx_hal.o [1]
  .text              ro code  0x080017e4   0x30a  stm32f3xx_hal_tim.o [1]
  .text              ro code  0x08001af0   0x2e8  LOAD_State_Machine.o [1]
  .text              ro code  0x08001dd8   0xaa4  stm32f3xx_hal_rcc.o [1]
  .text              ro code  0x0800287c   0x1c0  stm32f3xx_hal_rcc_ex.o [1]
  .text              ro code  0x08002a3c    0x2c  stm32f3xx_hal_dac.o [1]
  .text              ro code  0x08002a68   0x118  stm32f3xx_hal_dac_ex.o [1]
  .text              ro code  0x08002b80    0x8c  stm32f3xx_hal_tim_ex.o [1]
  .text              ro code  0x08002c0c   0x6e6  stm32f3xx_hal_uart.o [1]
  .text              ro code  0x080032f4   0x14c  stm32f3xx_hal_cortex.o [1]
  .text              ro code  0x08003440    0x4c  stm32f3xx_hal.o [1]
  .text              ro code  0x0800348c   0x1dc  Load.o [1]
  .text              ro code  0x08003668   0x3a4  com_protocol.o [1]
  .text              ro code  0x08003a0c    0x28  stm32f3xx_hal.o [1]
  .text              ro code  0x08003a34    0x48  FltToDbl.o [4]
  .text              ro code  0x08003a7c   0x178  DblAdd.o [4]
  .text              ro code  0x08003bf4    0x2e  DblCmpLe.o [4]
  .text              ro code  0x08003c24   0x1a2  DblMul.o [4]
  .text              ro code  0x08003dc8    0x3a  DblToS32.o [4]
  .text              ro code  0x08003e04    0x1a  U32ToDbl.o [4]
  .text              ro code  0x08003e20    0x68  DblToFlt.o [4]
  .text              ro code  0x08003e88    0xa6  ABImemcpy.o [5]
  .text              ro code  0x08003f30    0x66  ABImemset.o [5]
  .text              ro code  0x08003f98    0xd2  DblSub.o [4]
  .text              ro code  0x0800406c    0x50  stm32f3xx_it.o [1]
  .text              ro code  0x080040bc    0x18  stm32f3xx_hal.o [1]
  .text              ro code  0x080040d4    0x40  zero_init3.o [5]
  .text              ro code  0x08004114    0x2c  copy_init3.o [5]
  .text              ro code  0x08004140    0x28  data_init.o [5]
  .text              ro code  0x08004168    0x22  fpinit_M.o [4]
  .iar.init_table    const    0x0800418c    0x24  - Linker created -
  .text              ro code  0x080041b0    0x1e  cmain.o [5]
  .text              ro code  0x080041ce     0x4  low_level_init.o [3]
  .text              ro code  0x080041d2     0x4  exit.o [3]
  .text              ro code  0x080041d8     0xa  cexit.o [5]
  .text              ro code  0x080041e4    0x14  exit.o [6]
  Initializer bytes  const    0x080041f8    0x18  <for P2-1>
  .text              ro code  0x08004210    0x14  system_stm32f3xx.o [1]
  .rodata            const    0x08004224    0x10  stm32f3xx_hal_rcc.o [1]
  .rodata            const    0x08004234    0x10  stm32f3xx_hal_rcc.o [1]
  .rodata            const    0x08004244    0x10  system_stm32f3xx.o [1]
  .text              ro code  0x08004254    0x10  startup_stm32f303x8.o [1]
  .text              ro code  0x08004264     0xc  cstartup_M.o [5]
  .rodata            const    0x08004270     0x8  system_stm32f3xx.o [1]
  .text              ro code  0x08004278     0x4  startup_stm32f303x8.o [1]
  .text              ro code  0x0800427c     0x4  startup_stm32f303x8.o [1]
  .text              ro code  0x08004280     0x4  startup_stm32f303x8.o [1]
  .text              ro code  0x08004284     0x4  startup_stm32f303x8.o [1]
  .text              ro code  0x08004288     0x4  startup_stm32f303x8.o [1]
  .text              ro code  0x0800428c     0x4  startup_stm32f303x8.o [1]
  .text              ro code  0x08004290     0x4  startup_stm32f303x8.o [1]
  .text              ro code  0x08004294     0x4  startup_stm32f303x8.o [1]
  .text              ro code  0x08004298     0x4  startup_stm32f303x8.o [1]
  .text              ro code  0x0800429c     0x4  startup_stm32f303x8.o [1]
  .text              ro code  0x080042a0     0x4  startup_stm32f303x8.o [1]
  .text              ro code  0x080042a4     0x4  startup_stm32f303x8.o [1]
  .text              ro code  0x080042a8     0x4  startup_stm32f303x8.o [1]
  .text              ro code  0x080042ac     0x4  startup_stm32f303x8.o [1]
  .text              ro code  0x080042b0     0x4  startup_stm32f303x8.o [1]
  .text              ro code  0x080042b4     0x4  startup_stm32f303x8.o [1]
  .text              ro code  0x080042b8     0x4  startup_stm32f303x8.o [1]
  .text              ro code  0x080042bc     0x4  startup_stm32f303x8.o [1]
  .text              ro code  0x080042c0     0x4  startup_stm32f303x8.o [1]
  .text              ro code  0x080042c4     0x4  startup_stm32f303x8.o [1]
  .text              ro code  0x080042c8     0x4  startup_stm32f303x8.o [1]
  .text              ro code  0x080042cc     0x4  startup_stm32f303x8.o [1]
  .text              ro code  0x080042d0     0x4  startup_stm32f303x8.o [1]
  .text              ro code  0x080042d4     0x4  startup_stm32f303x8.o [1]
  .text              ro code  0x080042d8     0x4  startup_stm32f303x8.o [1]
  .text              ro code  0x080042dc     0x4  startup_stm32f303x8.o [1]
  .text              ro code  0x080042e0     0x4  startup_stm32f303x8.o [1]
  .text              ro code  0x080042e4     0x4  startup_stm32f303x8.o [1]
  .text              ro code  0x080042e8     0x4  startup_stm32f303x8.o [1]
  .text              ro code  0x080042ec     0x4  startup_stm32f303x8.o [1]
  .text              ro code  0x080042f0     0x4  startup_stm32f303x8.o [1]
  .text              ro code  0x080042f4     0x4  startup_stm32f303x8.o [1]
  .text              ro code  0x080042f8     0x4  startup_stm32f303x8.o [1]
  .text              ro code  0x080042fc     0x4  startup_stm32f303x8.o [1]
  .text              ro code  0x08004300     0x4  startup_stm32f303x8.o [1]
  .text              ro code  0x08004304     0x4  startup_stm32f303x8.o [1]
  .text              ro code  0x08004308     0x4  startup_stm32f303x8.o [1]
  .text              ro code  0x0800430c     0x4  startup_stm32f303x8.o [1]
  .text              ro code  0x08004310     0x4  startup_stm32f303x8.o [1]
  .text              ro code  0x08004314     0x4  startup_stm32f303x8.o [1]
  .text              ro code  0x08004318     0x4  startup_stm32f303x8.o [1]
  .text              ro code  0x0800431c     0x4  startup_stm32f303x8.o [1]
  .rodata            const    0x08004320     0x0  zero_init3.o [5]
  .rodata            const    0x08004320     0x0  copy_init3.o [5]
                            - 0x08004320  0x4198

"P2", part 1 of 3:                          0x18
  P2-1                        0x20000000    0x15  <Init block>
    .data            inited   0x20000000     0xc  LOAD_State_Machine.o [1]
    .data            inited   0x2000000c     0x4  stm32f3xx_hal.o [1]
    .data            inited   0x20000010     0x4  system_stm32f3xx.o [1]
    .data            inited   0x20000014     0x1  stm32f3xx_hal.o [1]
                            - 0x20000015    0x15

"P2", part 2 of 3:                         0x1b8
  .bss               zero     0x20000018    0x84  main.o [1]
  .bss               zero     0x2000009c    0x50  main.o [1]
  .bss               zero     0x200000ec    0x4c  main.o [1]
  .bss               zero     0x20000138    0x44  main.o [1]
  .bss               zero     0x2000017c    0x14  main.o [1]
  .bss               zero     0x20000190     0x8  com_protocol.o [1]
  .bss               zero     0x20000198     0x8  com_protocol.o [1]
  .bss               zero     0x200001a0     0x8  LOAD_State_Machine.o [1]
  .bss               zero     0x200001a8     0x4  LOAD_State_Machine.o [1]
  .bss               zero     0x200001ac     0x4  LOAD_State_Machine.o [1]
  .bss               zero     0x200001b0     0x4  LOAD_State_Machine.o [1]
  .bss               zero     0x200001b4     0x4  LOAD_State_Machine.o [1]
  .bss               zero     0x200001b8     0x4  LOAD_State_Machine.o [1]
  .bss               zero     0x200001bc     0x4  LOAD_State_Machine.o [1]
  .bss               zero     0x200001c0     0x4  LOAD_State_Machine.o [1]
  .bss               zero     0x200001c4     0x4  main.o [1]
  .bss               zero     0x200001c8     0x4  stm32f3xx_hal.o [1]
  .bss               zero     0x200001cc     0x1  com_protocol.o [1]
  .bss               zero     0x200001cd     0x1  LOAD_State_Machine.o [1]
  .bss               zero     0x200001ce     0x1  LOAD_State_Machine.o [1]
                            - 0x200001cf   0x1b7

"P2", part 3 of 3:                         0x400
  CSTACK                      0x200001d0   0x400  <Block>
    CSTACK           uninit   0x200001d0   0x400  <Block tail>
                            - 0x200005d0   0x400


*******************************************************************************
*** INIT TABLE
***

          Address     Size
          -------     ----
Zero (__iar_zero_init3)
    1 destination range, total size 0x1b7:
          0x20000018  0x1b7

Copy (__iar_copy_init3)
    1 source range, total size 0x18 (114% of destination):
          0x080041f8   0x18
    1 destination range, total size 0x15:
          0x20000000   0x15



*******************************************************************************
*** MODULE SUMMARY
***

    Module                  ro code  ro data  rw data
    ------                  -------  -------  -------
C:\Users\lucas vitoriano\Desktop\Firmware_Carga - Funcionando\EWARM\Firmware_Carga\Obj: [1]
    LOAD_State_Machine.o        744       12       50
    Load.o                      476
    com_protocol.o              932                17
    main.o                      882               380
    startup_stm32f303x8.o       576
    stm32f3xx_hal.o             192        5        9
    stm32f3xx_hal_adc.o           6
    stm32f3xx_hal_adc_ex.o    2 896
    stm32f3xx_hal_cortex.o      332
    stm32f3xx_hal_dac.o          44
    stm32f3xx_hal_dac_ex.o      280
    stm32f3xx_hal_dma.o         520
    stm32f3xx_hal_gpio.o        768
    stm32f3xx_hal_msp.o         536
    stm32f3xx_hal_rcc.o       2 724       32
    stm32f3xx_hal_rcc_ex.o      448
    stm32f3xx_hal_tim.o         778
    stm32f3xx_hal_tim_ex.o      140
    stm32f3xx_hal_uart.o      1 766
    stm32f3xx_it.o               80
    system_stm32f3xx.o           20       28        4
    -------------------------------------------------
    Total:                   15 140       77      460

command line: [2]
    -------------------------------------------------
    Total:

dl7M_tln.a: [3]
    exit.o                        4
    low_level_init.o              4
    -------------------------------------------------
    Total:                        8

m7M_tls.a: [4]
    DblAdd.o                    376
    DblCmpLe.o                   46
    DblMul.o                    418
    DblSub.o                    210
    DblToFlt.o                  104
    DblToS32.o                   58
    FltToDbl.o                   72
    U32ToDbl.o                   26
    fpinit_M.o                   34
    -------------------------------------------------
    Total:                    1 344

rt7M_tl.a: [5]
    ABImemclr4.o                  6
    ABImemcpy.o                 166
    ABImemset.o                 102
    ABImemset48.o                50
    cexit.o                      10
    cmain.o                      30
    copy_init3.o                 44
    cstartup_M.o                 12
    data_init.o                  40
    zero_init3.o                 64
    -------------------------------------------------
    Total:                      524

shb_l.a: [6]
    exit.o                       20
    -------------------------------------------------
    Total:                       20

    Gaps                         30        2
    Linker created                        39    1 024
-----------------------------------------------------
    Grand Total:             17 066      118    1 484


*******************************************************************************
*** ENTRY LIST
***

Entry                      Address   Size  Type      Object
-----                      -------   ----  ----      ------
.iar.init_table$$Base   0x0800418c          --   Gb  - Linker created -
.iar.init_table$$Limit  0x080041b0          --   Gb  - Linker created -
?main                   0x080041b1         Code  Gb  cmain.o [5]
ADC_DMAConvCplt         0x08000b35   0x4e  Code  Lc  stm32f3xx_hal_adc_ex.o [1]
ADC_DMAError            0x08000b91   0x1e  Code  Lc  stm32f3xx_hal_adc_ex.o [1]
ADC_DMAHalfConvCplt     0x08000b83    0xe  Code  Lc  stm32f3xx_hal_adc_ex.o [1]
ADC_Disable             0x08000c35   0x8e  Code  Lc  stm32f3xx_hal_adc_ex.o [1]
ADC_Enable              0x08000baf   0x86  Code  Lc  stm32f3xx_hal_adc_ex.o [1]
ADC_VALUES              0x200001c4    0x4  Data  Gb  main.o [1]
AHBPrescTable           0x08004244   0x10  Data  Gb  system_stm32f3xx.o [1]
APBPrescTable           0x08004270    0x8  Data  Gb  system_stm32f3xx.o [1]
BusFault_Handler        0x08004073    0x2  Code  Gb  stm32f3xx_it.o [1]
CHECKSUM                0x08003767   0x34  Code  Gb  com_protocol.o [1]
COM_Protocol_Check_Message
                        0x0800371b   0x4c  Code  Gb  com_protocol.o [1]
COM_Protocol_Receive_Communication_Control
                        0x08003669   0x7e  Code  Gb  com_protocol.o [1]
COM_Protocol_Report_Erro
                        0x0800379b   0x30  Code  Gb  com_protocol.o [1]
COM_Protocol_Reset_Serial
                        0x080037cb   0x26  Code  Gb  com_protocol.o [1]
COM_Protocol_Transceiver_Communication_Control
                        0x080036e7   0x34  Code  Gb  com_protocol.o [1]
CSTACK$$Base            0x200001d0          --   Gb  - Linker created -
CSTACK$$Limit           0x200005d0          --   Gb  - Linker created -
Convert_Data1_And_Data2_to_uint16_t
                        0x080038e1   0x3a  Code  Gb  com_protocol.o [1]
Convert_Load_Information_To_Serial_Message
                        0x08003883   0x5e  Code  Gb  com_protocol.o [1]
Convert_Load_Type_To_uint8
                        0x08003965   0x3e  Code  Gb  com_protocol.o [1]
Convert_Received_Serial_Message_To_Load_State
                        0x080037f1   0x92  Code  Gb  com_protocol.o [1]
Convert_float_to_2_uint8
                        0x0800391d   0x22  Code  Gb  com_protocol.o [1]
Create_Checksum         0x080039c9   0x1e  Code  Gb  com_protocol.o [1]
Create_Error_Message    0x080039a3   0x26  Code  Gb  com_protocol.o [1]
Current_Seted           0x200001b8    0x4  Data  Lc  LOAD_State_Machine.o [1]
DMA1_Channel1_IRQHandler
                        0x08004085   0x30  Code  Gb  stm32f3xx_it.o [1]
DMA_CalcBaseAndBitshift
                        0x080010d9   0x16  Code  Lc  stm32f3xx_hal_dma.o [1]
DMA_SetConfig           0x080010ad   0x2c  Code  Lc  stm32f3xx_hal_dma.o [1]
DebugMon_Handler        0x08004079    0x2  Code  Gb  stm32f3xx_it.o [1]
Error_Handler           0x08001785    0x2  Code  Gb  main.o [1]
Error_Setting_Value     0x080039e7   0x26  Code  Gb  com_protocol.o [1]
GET_CURRENT_SETED       0x08003581   0x28  Code  Gb  Load.o [1]
GET_POTENCY_SETED       0x080035a9   0x4c  Code  Gb  Load.o [1]
GET_RESISTANCE_SETED    0x080035f5   0x4c  Code  Gb  Load.o [1]
HAL_ADCEx_Calibration_Start
                        0x08000529   0xa8  Code  Gb  stm32f3xx_hal_adc_ex.o [1]
HAL_ADCEx_MultiModeConfigChannel
                        0x08000a0d  0x122  Code  Gb  stm32f3xx_hal_adc_ex.o [1]
HAL_ADC_ConfigChannel   0x080005e9  0x420  Code  Gb  stm32f3xx_hal_adc_ex.o [1]
HAL_ADC_ConvCpltCallback
                        0x08001105    0x2  Code  Wk  stm32f3xx_hal_adc.o [1]
HAL_ADC_ConvHalfCpltCallback
                        0x08001107    0x2  Code  Wk  stm32f3xx_hal_adc.o [1]
HAL_ADC_ErrorCallback   0x08001109    0x2  Code  Wk  stm32f3xx_hal_adc.o [1]
HAL_ADC_Init            0x08000189  0x242  Code  Gb  stm32f3xx_hal_adc_ex.o [1]
HAL_ADC_MspInit         0x08000d0f   0xac  Code  Gb  stm32f3xx_hal_msp.o [1]
HAL_ADC_Start_DMA       0x080003cb  0x144  Code  Gb  stm32f3xx_hal_adc_ex.o [1]
HAL_DAC_ConfigChannel   0x08002aff   0x7a  Code  Gb  stm32f3xx_hal_dac_ex.o [1]
HAL_DAC_Init            0x08002a3d   0x2c  Code  Gb  stm32f3xx_hal_dac.o [1]
HAL_DAC_MspInit         0x08000dbb   0x60  Code  Gb  stm32f3xx_hal_msp.o [1]
HAL_DAC_SetValue        0x08002a69   0x30  Code  Gb  stm32f3xx_hal_dac_ex.o [1]
HAL_DAC_Start           0x08002a99   0x66  Code  Gb  stm32f3xx_hal_dac_ex.o [1]
HAL_DMA_IRQHandler      0x08000fdf   0xce  Code  Gb  stm32f3xx_hal_dma.o [1]
HAL_DMA_Init            0x08000ef1   0x56  Code  Gb  stm32f3xx_hal_dma.o [1]
HAL_DMA_Start_IT        0x08000f47   0x98  Code  Gb  stm32f3xx_hal_dma.o [1]
HAL_Delay               0x08003a0d   0x28  Code  Wk  stm32f3xx_hal.o [1]
HAL_GPIO_DeInit         0x080012c9  0x126  Code  Gb  stm32f3xx_hal_gpio.o [1]
HAL_GPIO_Init           0x08001115  0x1b4  Code  Gb  stm32f3xx_hal_gpio.o [1]
HAL_GetTick             0x080010f9    0xc  Code  Wk  stm32f3xx_hal.o [1]
HAL_IncTick             0x080040bd   0x18  Code  Wk  stm32f3xx_hal.o [1]
HAL_Init                0x080017bd   0x22  Code  Gb  stm32f3xx_hal.o [1]
HAL_InitTick            0x08003441   0x4c  Code  Wk  stm32f3xx_hal.o [1]
HAL_MspInit             0x08000cd9   0x36  Code  Gb  stm32f3xx_hal_msp.o [1]
HAL_NVIC_EnableIRQ      0x08003405    0xe  Code  Gb  stm32f3xx_hal_cortex.o [1]
HAL_NVIC_SetPriority    0x080033db   0x2a  Code  Gb  stm32f3xx_hal_cortex.o [1]
HAL_NVIC_SetPriorityGrouping
                        0x080033cf    0xc  Code  Gb  stm32f3xx_hal_cortex.o [1]
HAL_RCCEx_PeriphCLKConfig
                        0x0800287d  0x1a2  Code  Gb  stm32f3xx_hal_rcc_ex.o [1]
HAL_RCC_ClockConfig     0x08002583  0x1f8  Code  Gb  stm32f3xx_hal_rcc.o [1]
HAL_RCC_GetHCLKFreq     0x080027eb    0x6  Code  Gb  stm32f3xx_hal_rcc.o [1]
HAL_RCC_GetPCLK1Freq    0x080027f1   0x20  Code  Gb  stm32f3xx_hal_rcc.o [1]
HAL_RCC_GetPCLK2Freq    0x08002811   0x20  Code  Gb  stm32f3xx_hal_rcc.o [1]
HAL_RCC_GetSysClockFreq
                        0x0800277b   0x70  Code  Gb  stm32f3xx_hal_rcc.o [1]
HAL_RCC_OscConfig       0x08001dd9  0x7aa  Code  Gb  stm32f3xx_hal_rcc.o [1]
HAL_SYSTICK_Config      0x08003413    0xc  Code  Gb  stm32f3xx_hal_cortex.o [1]
HAL_TIMEx_MasterConfigSynchronization
                        0x08002b81   0x7e  Code  Gb  stm32f3xx_hal_tim_ex.o [1]
HAL_TIM_Base_Init       0x080017e5   0x7a  Code  Gb  stm32f3xx_hal_tim.o [1]
HAL_TIM_Base_MspInit    0x08000e1b   0x26  Code  Gb  stm32f3xx_hal_msp.o [1]
HAL_TIM_Base_Start      0x0800185f   0x6e  Code  Gb  stm32f3xx_hal_tim.o [1]
HAL_TIM_ConfigClockSource
                        0x080018dd   0xf6  Code  Gb  stm32f3xx_hal_tim.o [1]
HAL_UART_DeInit         0x08002c87   0x50  Code  Gb  stm32f3xx_hal_uart.o [1]
HAL_UART_Init           0x08002c0d   0x7a  Code  Gb  stm32f3xx_hal_uart.o [1]
HAL_UART_MspDeInit      0x08000eab   0x26  Code  Gb  stm32f3xx_hal_msp.o [1]
HAL_UART_MspInit        0x08000e41   0x6a  Code  Gb  stm32f3xx_hal_msp.o [1]
HAL_UART_Receive        0x08002db1  0x14a  Code  Gb  stm32f3xx_hal_uart.o [1]
HAL_UART_Transmit       0x08002cd7   0xda  Code  Gb  stm32f3xx_hal_uart.o [1]
HardFault_Handler       0x0800406f    0x2  Code  Gb  stm32f3xx_it.o [1]
Load_Init               0x0800348d    0xc  Code  Gb  Load.o [1]
Load_State_Machine      0x08001b11  0x282  Code  Gb  LOAD_State_Machine.o [1]
Load_State_Machine_Init
                        0x08001af1   0x20  Code  Gb  LOAD_State_Machine.o [1]
MX_ADC1_Init            0x080014f5   0xdc  Code  Lc  main.o [1]
MX_DAC1_Init            0x080015d1   0x3e  Code  Lc  main.o [1]
MX_DMA_Init             0x080016e7   0x2c  Code  Lc  main.o [1]
MX_GPIO_Init            0x08001713   0x4e  Code  Lc  main.o [1]
MX_TIM1_Init            0x0800160f   0x88  Code  Lc  main.o [1]
MX_USART1_UART_Init     0x08001697   0x50  Code  Lc  main.o [1]
MemManage_Handler       0x08004071    0x2  Code  Gb  stm32f3xx_it.o [1]
Message_To_Communication
                        0x200001a0    0x8  Data  Lc  LOAD_State_Machine.o [1]
NMI_Handler             0x0800406d    0x2  Code  Gb  stm32f3xx_it.o [1]
NVIC_EncodePriority     0x0800335d   0x42  Code  Lc  stm32f3xx_hal_cortex.o [1]
PendSV_Handler          0x0800407b    0x2  Code  Gb  stm32f3xx_it.o [1]
Potency_Seted           0x200001bc    0x4  Data  Lc  LOAD_State_Machine.o [1]
Received_UART_Message   0x20000198    0x8  Data  Lc  com_protocol.o [1]
Region$$Table$$Base     0x0800418c          --   Gb  - Linker created -
Region$$Table$$Limit    0x080041b0          --   Gb  - Linker created -
Resistance_Seted        0x200001c0    0x4  Data  Lc  LOAD_State_Machine.o [1]
SET_CURRENT             0x08003499   0x4a  Code  Gb  Load.o [1]
SET_POTENCY             0x080034e5   0x3c  Code  Gb  Load.o [1]
SET_RESISTANCE          0x08003521   0x48  Code  Gb  Load.o [1]
SVC_Handler             0x08004077    0x2  Code  Gb  stm32f3xx_it.o [1]
Status_Message          0x200001cd    0x1  Data  Lc  LOAD_State_Machine.o [1]
Status_Message_Receiver
                        0x20000190    0x8  Data  Lc  com_protocol.o [1]
Status_Message_Transceiver
                        0x200001cc    0x1  Data  Lc  com_protocol.o [1]
Status_Message_Transceiver
                        0x200001ce    0x1  Data  Lc  LOAD_State_Machine.o [1]
SysTick_Config          0x0800339f   0x30  Code  Lc  stm32f3xx_hal_cortex.o [1]
SysTick_Handler         0x0800407d    0x8  Code  Gb  stm32f3xx_it.o [1]
SystemClock_Config      0x0800145d   0x98  Code  Gb  main.o [1]
SystemCoreClock         0x20000010    0x4  Data  Gb  system_stm32f3xx.o [1]
SystemInit              0x08004211    0xe  Code  Gb  system_stm32f3xx.o [1]
TIM_Base_SetConfig      0x080019d3   0x92  Code  Gb  stm32f3xx_hal_tim.o [1]
TIM_ETR_SetConfig       0x08001ad7   0x18  Code  Gb  stm32f3xx_hal_tim.o [1]
TIM_ITRx_SetConfig      0x08001ac7   0x10  Code  Lc  stm32f3xx_hal_tim.o [1]
TIM_TI1_ConfigInputStage
                        0x08001a7d   0x24  Code  Lc  stm32f3xx_hal_tim.o [1]
TIM_TI2_ConfigInputStage
                        0x08001aa1   0x26  Code  Lc  stm32f3xx_hal_tim.o [1]
TURN_LOAD_OFF           0x08003569   0x18  Code  Gb  Load.o [1]
UART_AdvFeatureConfig   0x080030c5   0xda  Code  Gb  stm32f3xx_hal_uart.o [1]
UART_CheckIdleState     0x0800319f   0x6e  Code  Gb  stm32f3xx_hal_uart.o [1]
UART_SetConfig          0x08002efb  0x1b0  Code  Gb  stm32f3xx_hal_uart.o [1]
UART_WaitOnFlagUntilTimeout
                        0x0800320d   0xe6  Code  Gb  stm32f3xx_hal_uart.o [1]
UsageFault_Handler      0x08004075    0x2  Code  Gb  stm32f3xx_it.o [1]
__NVIC_EnableIRQ        0x0800331b   0x1c  Code  Lc  stm32f3xx_hal_cortex.o [1]
__NVIC_GetPriorityGrouping
                        0x08003311    0xa  Code  Lc  stm32f3xx_hal_cortex.o [1]
__NVIC_SetPriority      0x08003337   0x26  Code  Lc  stm32f3xx_hal_cortex.o [1]
__NVIC_SetPriorityGrouping
                        0x080032f5   0x1c  Code  Lc  stm32f3xx_hal_cortex.o [1]
__aeabi_cdcmple         0x08003bf5         Code  Gb  DblCmpLe.o [4]
__aeabi_d2f             0x08003e21         Code  Gb  DblToFlt.o [4]
__aeabi_d2iz            0x08003dc9         Code  Gb  DblToS32.o [4]
__aeabi_dadd            0x08003a7d         Code  Gb  DblAdd.o [4]
__aeabi_dmul            0x08003c25         Code  Gb  DblMul.o [4]
__aeabi_f2d             0x08003a35         Code  Gb  FltToDbl.o [4]
__aeabi_memclr4         0x0800110d         Code  Gb  ABImemclr4.o [5]
__aeabi_memcpy          0x08003e89         Code  Gb  ABImemcpy.o [5]
__aeabi_memcpy4         0x08003ea9         Code  Gb  ABImemcpy.o [5]
__aeabi_memcpy8         0x08003ea9         Code  Gb  ABImemcpy.o [5]
__aeabi_memset          0x08003f31         Code  Gb  ABImemset.o [5]
__aeabi_ui2d            0x08003e05         Code  Gb  U32ToDbl.o [4]
__cmain                 0x080041b1         Code  Gb  cmain.o [5]
__exit                  0x080041e5   0x14  Code  Gb  exit.o [6]
__iar_Memset            0x08003f31         Code  Gb  ABImemset.o [5]
__iar_Memset4_word      0x08001789         Code  Gb  ABImemset48.o [5]
__iar_Memset8_word      0x08001789         Code  Gb  ABImemset48.o [5]
__iar_Memset_word       0x08003f39         Code  Gb  ABImemset.o [5]
__iar_copy_init3        0x08004115   0x2c  Code  Gb  copy_init3.o [5]
__iar_dadd              0x08003f99         Code  Gb  DblSub.o [4]
__iar_data_init3        0x08004141   0x28  Code  Gb  data_init.o [5]
__iar_dsub              0x08003a8d         Code  Gb  DblAdd.o [4]
__iar_dsubStart         0x08003a9f         Code  Gb  DblAdd.o [4]
__iar_init_vfp          0x08004169         Code  Gb  fpinit_M.o [4]
__iar_program_start     0x08004265         Code  Gb  cstartup_M.o [5]
__iar_systems$$module {Abs}
                        0x00000001         Data  Gb  command line/config [2]
__iar_zero_init3        0x080040d5   0x40  Code  Gb  zero_init3.o [5]
__low_level_init        0x080041cf    0x4  Code  Gb  low_level_init.o [3]
__vector_table          0x08000000         Data  Gb  startup_stm32f303x8.o [1]
_call_main              0x080041bd         Code  Gb  cmain.o [5]
_exit                   0x080041d9         Code  Gb  cexit.o [5]
_main                   0x080041cb         Code  Gb  cmain.o [5]
aPLLMULFactorTable      0x08004224   0x10  Data  Gb  stm32f3xx_hal_rcc.o [1]
aPredivFactorTable      0x08004234   0x10  Data  Gb  stm32f3xx_hal_rcc.o [1]
current_A               0x200001ac    0x4  Data  Lc  LOAD_State_Machine.o [1]
exit                    0x080041d3    0x4  Code  Gb  exit.o [3]
hadc1                   0x2000009c   0x50  Data  Gb  main.o [1]
hdac1                   0x2000017c   0x14  Data  Gb  main.o [1]
hdma_adc1               0x20000138   0x44  Data  Gb  main.o [1]
htim1                   0x200000ec   0x4c  Data  Gb  main.o [1]
huart1                  0x20000018   0x84  Data  Gb  main.o [1]
initial_time            0x200001a8    0x4  Data  Gb  LOAD_State_Machine.o [1]
load                    0x20000000    0xc  Data  Gb  LOAD_State_Machine.o [1]
main                    0x08001415   0x48  Code  Gb  main.o [1]
potency_W               0x200001b0    0x4  Data  Lc  LOAD_State_Machine.o [1]
resistance_Ohms         0x200001b4    0x4  Data  Lc  LOAD_State_Machine.o [1]
uwTick                  0x200001c8    0x4  Data  Gb  stm32f3xx_hal.o [1]
uwTickFreq              0x20000014    0x1  Data  Gb  stm32f3xx_hal.o [1]
uwTickPrio              0x2000000c    0x4  Data  Gb  stm32f3xx_hal.o [1]


[1] = C:\Users\lucas vitoriano\Desktop\Firmware_Carga - Funcionando\EWARM\Firmware_Carga\Obj
[2] = command line
[3] = dl7M_tln.a
[4] = m7M_tls.a
[5] = rt7M_tl.a
[6] = shb_l.a

  17 066 bytes of readonly  code memory
     118 bytes of readonly  data memory
   1 484 bytes of readwrite data memory

Errors: none
Warnings: none
