###############################################################################
#
# IAR ELF Linker V8.20.1.14183/W32 for ARM                25/Apr/2022  15:20:50
# Copyright 2007-2017 IAR Systems AB.
#
#    Output file  =  
#        C:\Users\lucas vitoriano\Desktop\Firmware_Carga -
#        Funcionando\EWARM\Firmware_Carga\Exe\Firmware_Carga.out
#    Map file     =  
#        C:\Users\lucas vitoriano\Desktop\Firmware_Carga -
#        Funcionando\EWARM\Firmware_Carga\List\Firmware_Carga.map
#    Command line =  
#        -f C:\Users\LUCASV~1\AppData\Local\Temp\EWDDDC.tmp ("C:\Users\lucas
#        vitoriano\Desktop\Firmware_Carga -
#        Funcionando\EWARM\Firmware_Carga\Obj\com_protocol.o" "C:\Users\lucas
#        vitoriano\Desktop\Firmware_Carga -
#        Funcionando\EWARM\Firmware_Carga\Obj\Load.o" "C:\Users\lucas
#        vitoriano\Desktop\Firmware_Carga -
#        Funcionando\EWARM\Firmware_Carga\Obj\LOAD_State_Machine.o"
#        "C:\Users\lucas vitoriano\Desktop\Firmware_Carga -
#        Funcionando\EWARM\Firmware_Carga\Obj\main.o" "C:\Users\lucas
#        vitoriano\Desktop\Firmware_Carga -
#        Funcionando\EWARM\Firmware_Carga\Obj\startup_stm32f303x8.o"
#        "C:\Users\lucas vitoriano\Desktop\Firmware_Carga -
#        Funcionando\EWARM\Firmware_Carga\Obj\stm32f3xx_hal.o" "C:\Users\lucas
#        vitoriano\Desktop\Firmware_Carga -
#        Funcionando\EWARM\Firmware_Carga\Obj\stm32f3xx_hal_adc.o"
#        "C:\Users\lucas vitoriano\Desktop\Firmware_Carga -
#        Funcionando\EWARM\Firmware_Carga\Obj\stm32f3xx_hal_adc_ex.o"
#        "C:\Users\lucas vitoriano\Desktop\Firmware_Carga -
#        Funcionando\EWARM\Firmware_Carga\Obj\stm32f3xx_hal_cortex.o"
#        "C:\Users\lucas vitoriano\Desktop\Firmware_Carga -
#        Funcionando\EWARM\Firmware_Carga\Obj\stm32f3xx_hal_dac.o"
#        "C:\Users\lucas vitoriano\Desktop\Firmware_Carga -
#        Funcionando\EWARM\Firmware_Carga\Obj\stm32f3xx_hal_dac_ex.o"
#        "C:\Users\lucas vitoriano\Desktop\Firmware_Carga -
#        Funcionando\EWARM\Firmware_Carga\Obj\stm32f3xx_hal_dma.o"
#        "C:\Users\lucas vitoriano\Desktop\Firmware_Carga -
#        Funcionando\EWARM\Firmware_Carga\Obj\stm32f3xx_hal_exti.o"
#        "C:\Users\lucas vitoriano\Desktop\Firmware_Carga -
#        Funcionando\EWARM\Firmware_Carga\Obj\stm32f3xx_hal_flash.o"
#        "C:\Users\lucas vitoriano\Desktop\Firmware_Carga -
#        Funcionando\EWARM\Firmware_Carga\Obj\stm32f3xx_hal_flash_ex.o"
#        "C:\Users\lucas vitoriano\Desktop\Firmware_Carga -
#        Funcionando\EWARM\Firmware_Carga\Obj\stm32f3xx_hal_gpio.o"
#        "C:\Users\lucas vitoriano\Desktop\Firmware_Carga -
#        Funcionando\EWARM\Firmware_Carga\Obj\stm32f3xx_hal_i2c.o"
#        "C:\Users\lucas vitoriano\Desktop\Firmware_Carga -
#        Funcionando\EWARM\Firmware_Carga\Obj\stm32f3xx_hal_i2c_ex.o"
#        "C:\Users\lucas vitoriano\Desktop\Firmware_Carga -
#        Funcionando\EWARM\Firmware_Carga\Obj\stm32f3xx_hal_msp.o"
#        "C:\Users\lucas vitoriano\Desktop\Firmware_Carga -
#        Funcionando\EWARM\Firmware_Carga\Obj\stm32f3xx_hal_pwr.o"
#        "C:\Users\lucas vitoriano\Desktop\Firmware_Carga -
#        Funcionando\EWARM\Firmware_Carga\Obj\stm32f3xx_hal_pwr_ex.o"
#        "C:\Users\lucas vitoriano\Desktop\Firmware_Carga -
#        Funcionando\EWARM\Firmware_Carga\Obj\stm32f3xx_hal_rcc.o"
#        "C:\Users\lucas vitoriano\Desktop\Firmware_Carga -
#        Funcionando\EWARM\Firmware_Carga\Obj\stm32f3xx_hal_rcc_ex.o"
#        "C:\Users\lucas vitoriano\Desktop\Firmware_Carga -
#        Funcionando\EWARM\Firmware_Carga\Obj\stm32f3xx_hal_tim.o"
#        "C:\Users\lucas vitoriano\Desktop\Firmware_Carga -
#        Funcionando\EWARM\Firmware_Carga\Obj\stm32f3xx_hal_tim_ex.o"
#        "C:\Users\lucas vitoriano\Desktop\Firmware_Carga -
#        Funcionando\EWARM\Firmware_Carga\Obj\stm32f3xx_hal_uart.o"
#        "C:\Users\lucas vitoriano\Desktop\Firmware_Carga -
#        Funcionando\EWARM\Firmware_Carga\Obj\stm32f3xx_hal_uart_ex.o"
#        "C:\Users\lucas vitoriano\Desktop\Firmware_Carga -
#        Funcionando\EWARM\Firmware_Carga\Obj\stm32f3xx_it.o" "C:\Users\lucas
#        vitoriano\Desktop\Firmware_Carga -
#        Funcionando\EWARM\Firmware_Carga\Obj\system_stm32f3xx.o" --redirect
#        _Printf=_PrintfFull --redirect _Scanf=_ScanfFull -o "C:\Users\lucas
#        vitoriano\Desktop\Firmware_Carga -
#        Funcionando\EWARM\Firmware_Carga\Exe\Firmware_Carga.out" --map
#        "C:\Users\lucas vitoriano\Desktop\Firmware_Carga -
#        Funcionando\EWARM\Firmware_Carga\List\Firmware_Carga.map" --config
#        "C:\Users\lucas vitoriano\Desktop\Firmware_Carga -
#        Funcionando\EWARM/stm32f303x8_flash.icf" --semihosting --entry
#        __iar_program_start --vfe --text_out locale)
#
###############################################################################

*******************************************************************************
*** RUNTIME MODEL ATTRIBUTES
***

CppFlavor       = *
__SystemLibrary = DLib
__dlib_version  = 6


*******************************************************************************
*** HEAP SELECTION
***

The basic heap was selected because no calls to memory allocation
functions were found in the application outside of system library
functions, and there are calls to deallocation functions in the
application.


*******************************************************************************
*** PLACEMENT SUMMARY
***

"A0":  place at 0x08000000 { ro section .intvec };
"P1":  place in [from 0x08000000 to 0x0800ffff] { ro };
define block CSTACK with size = 1K, alignment = 8 { };
define block HEAP with size = 512, alignment = 8 { };
"P2":  place in [from 0x20000000 to 0x20002fff] {
          rw, block CSTACK, block HEAP };
initialize by copy { rw };

  Section            Kind        Address    Size  Object
  -------            ----        -------    ----  ------
"A0":                                      0x188
  .intvec            ro code  0x08000000   0x188  startup_stm32f303x8.o [1]
                            - 0x08000188   0x188

"P1":                                     0x3a7c
  .text              ro code  0x08000188   0xb50  stm32f3xx_hal_adc_ex.o [1]
  .text              ro code  0x08000cd8   0x218  stm32f3xx_hal_msp.o [1]
  .text              ro code  0x08000ef0   0x208  stm32f3xx_hal_dma.o [1]
  .text              ro code  0x080010f8     0xc  stm32f3xx_hal.o [1]
  .text              ro code  0x08001104     0x2  stm32f3xx_hal_adc.o [1]
  .text              ro code  0x08001106     0x2  stm32f3xx_hal_adc.o [1]
  .text              ro code  0x08001108     0x2  stm32f3xx_hal_adc.o [1]
  .text              ro code  0x0800110c     0x6  ABImemclr4.o [5]
  .text              ro code  0x08001114   0x300  stm32f3xx_hal_gpio.o [1]
  .text              ro code  0x08001414   0x36e  main.o [1]
  .text              ro code  0x08001784    0x32  ABImemset48.o [5]
  .text              ro code  0x080017b8    0x28  stm32f3xx_hal.o [1]
  .text              ro code  0x080017e0   0x30a  stm32f3xx_hal_tim.o [1]
  .text              ro code  0x08001aec   0x138  LOAD_State_Machine.o [1]
  .text              ro code  0x08001c24   0xaa4  stm32f3xx_hal_rcc.o [1]
  .text              ro code  0x080026c8   0x1c0  stm32f3xx_hal_rcc_ex.o [1]
  .text              ro code  0x08002888    0x2c  stm32f3xx_hal_dac.o [1]
  .text              ro code  0x080028b4   0x118  stm32f3xx_hal_dac_ex.o [1]
  .text              ro code  0x080029cc    0x8c  stm32f3xx_hal_tim_ex.o [1]
  .text              ro code  0x08002a58   0x6e6  stm32f3xx_hal_uart.o [1]
  .text              ro code  0x08003140   0x14c  stm32f3xx_hal_cortex.o [1]
  .text              ro code  0x0800328c    0x4c  stm32f3xx_hal.o [1]
  .text              ro code  0x080032d8    0x94  Load.o [1]
  .text              ro code  0x0800336c   0x2a4  com_protocol.o [1]
  .text              ro code  0x08003610    0x28  stm32f3xx_hal.o [1]
  .text              ro code  0x08003638    0x48  FltToDbl.o [4]
  .text              ro code  0x08003680   0x1a2  DblMul.o [4]
  .text              ro code  0x08003824    0x2e  DblCmpLe.o [4]
  .text              ro code  0x08003854    0xa6  ABImemcpy.o [5]
  .text              ro code  0x080038fc    0x68  DblToFlt.o [4]
  .text              ro code  0x08003964    0x40  zero_init3.o [5]
  .text              ro code  0x080039a4    0x2c  copy_init3.o [5]
  .text              ro code  0x080039d0    0x28  stm32f3xx_it.o [1]
  .text              ro code  0x080039f8    0x18  stm32f3xx_hal.o [1]
  .text              ro code  0x08003a10    0x28  data_init.o [5]
  .text              ro code  0x08003a38    0x22  fpinit_M.o [4]
  .iar.init_table    const    0x08003a5c    0x24  - Linker created -
  .text              ro code  0x08003a80    0x1e  cmain.o [5]
  .text              ro code  0x08003a9e     0x4  low_level_init.o [3]
  .text              ro code  0x08003aa2     0x4  exit.o [3]
  .text              ro code  0x08003aa8     0xa  cexit.o [5]
  .text              ro code  0x08003ab4    0x14  exit.o [6]
  Initializer bytes  const    0x08003ac8    0x20  <for P2-1>
  .text              ro code  0x08003ae8    0x14  system_stm32f3xx.o [1]
  .rodata            const    0x08003afc    0x10  stm32f3xx_hal_rcc.o [1]
  .rodata            const    0x08003b0c    0x10  stm32f3xx_hal_rcc.o [1]
  .rodata            const    0x08003b1c    0x10  system_stm32f3xx.o [1]
  .text              ro code  0x08003b2c    0x10  startup_stm32f303x8.o [1]
  .rodata            const    0x08003b3c     0xc  com_protocol.o [1]
  .text              ro code  0x08003b48     0xc  cstartup_M.o [5]
  .rodata            const    0x08003b54     0x8  system_stm32f3xx.o [1]
  .text              ro code  0x08003b5c     0x4  startup_stm32f303x8.o [1]
  .text              ro code  0x08003b60     0x4  startup_stm32f303x8.o [1]
  .text              ro code  0x08003b64     0x4  startup_stm32f303x8.o [1]
  .text              ro code  0x08003b68     0x4  startup_stm32f303x8.o [1]
  .text              ro code  0x08003b6c     0x4  startup_stm32f303x8.o [1]
  .text              ro code  0x08003b70     0x4  startup_stm32f303x8.o [1]
  .text              ro code  0x08003b74     0x4  startup_stm32f303x8.o [1]
  .text              ro code  0x08003b78     0x4  startup_stm32f303x8.o [1]
  .text              ro code  0x08003b7c     0x4  startup_stm32f303x8.o [1]
  .text              ro code  0x08003b80     0x4  startup_stm32f303x8.o [1]
  .text              ro code  0x08003b84     0x4  startup_stm32f303x8.o [1]
  .text              ro code  0x08003b88     0x4  startup_stm32f303x8.o [1]
  .text              ro code  0x08003b8c     0x4  startup_stm32f303x8.o [1]
  .text              ro code  0x08003b90     0x4  startup_stm32f303x8.o [1]
  .text              ro code  0x08003b94     0x4  startup_stm32f303x8.o [1]
  .text              ro code  0x08003b98     0x4  startup_stm32f303x8.o [1]
  .text              ro code  0x08003b9c     0x4  startup_stm32f303x8.o [1]
  .text              ro code  0x08003ba0     0x4  startup_stm32f303x8.o [1]
  .text              ro code  0x08003ba4     0x4  startup_stm32f303x8.o [1]
  .text              ro code  0x08003ba8     0x4  startup_stm32f303x8.o [1]
  .text              ro code  0x08003bac     0x4  startup_stm32f303x8.o [1]
  .text              ro code  0x08003bb0     0x4  startup_stm32f303x8.o [1]
  .text              ro code  0x08003bb4     0x4  startup_stm32f303x8.o [1]
  .text              ro code  0x08003bb8     0x4  startup_stm32f303x8.o [1]
  .text              ro code  0x08003bbc     0x4  startup_stm32f303x8.o [1]
  .text              ro code  0x08003bc0     0x4  startup_stm32f303x8.o [1]
  .text              ro code  0x08003bc4     0x4  startup_stm32f303x8.o [1]
  .text              ro code  0x08003bc8     0x4  startup_stm32f303x8.o [1]
  .text              ro code  0x08003bcc     0x4  startup_stm32f303x8.o [1]
  .text              ro code  0x08003bd0     0x4  startup_stm32f303x8.o [1]
  .text              ro code  0x08003bd4     0x4  startup_stm32f303x8.o [1]
  .text              ro code  0x08003bd8     0x4  startup_stm32f303x8.o [1]
  .text              ro code  0x08003bdc     0x4  startup_stm32f303x8.o [1]
  .text              ro code  0x08003be0     0x4  startup_stm32f303x8.o [1]
  .text              ro code  0x08003be4     0x4  startup_stm32f303x8.o [1]
  .text              ro code  0x08003be8     0x4  startup_stm32f303x8.o [1]
  .text              ro code  0x08003bec     0x4  startup_stm32f303x8.o [1]
  .text              ro code  0x08003bf0     0x4  startup_stm32f303x8.o [1]
  .text              ro code  0x08003bf4     0x4  startup_stm32f303x8.o [1]
  .text              ro code  0x08003bf8     0x4  startup_stm32f303x8.o [1]
  .text              ro code  0x08003bfc     0x4  startup_stm32f303x8.o [1]
  .text              ro code  0x08003c00     0x4  startup_stm32f303x8.o [1]
  .rodata            const    0x08003c04     0x0  zero_init3.o [5]
  .rodata            const    0x08003c04     0x0  copy_init3.o [5]
                            - 0x08003c04  0x3a7c

"P2", part 1 of 3:                          0x20
  P2-1                        0x20000000    0x1d  <Init block>
    .data            inited   0x20000000     0x4  Load.o [1]
    .data            inited   0x20000004     0x4  Load.o [1]
    .data            inited   0x20000008     0xc  LOAD_State_Machine.o [1]
    .data            inited   0x20000014     0x4  stm32f3xx_hal.o [1]
    .data            inited   0x20000018     0x4  system_stm32f3xx.o [1]
    .data            inited   0x2000001c     0x1  stm32f3xx_hal.o [1]
                            - 0x2000001d    0x1d

"P2", part 2 of 3:                         0x1b0
  .bss               zero     0x20000020    0x84  main.o [1]
  .bss               zero     0x200000a4    0x50  main.o [1]
  .bss               zero     0x200000f4    0x4c  main.o [1]
  .bss               zero     0x20000140    0x44  main.o [1]
  .bss               zero     0x20000184    0x14  main.o [1]
  .bss               zero     0x20000198     0x8  com_protocol.o [1]
  .bss               zero     0x200001a0     0x8  com_protocol.o [1]
  .bss               zero     0x200001a8     0x8  LOAD_State_Machine.o [1]
  .bss               zero     0x200001b0     0x4  LOAD_State_Machine.o [1]
  .bss               zero     0x200001b4     0x4  LOAD_State_Machine.o [1]
  .bss               zero     0x200001b8     0x4  LOAD_State_Machine.o [1]
  .bss               zero     0x200001bc     0x4  LOAD_State_Machine.o [1]
  .bss               zero     0x200001c0     0x4  LOAD_State_Machine.o [1]
  .bss               zero     0x200001c4     0x4  main.o [1]
  .bss               zero     0x200001c8     0x4  stm32f3xx_hal.o [1]
  .bss               zero     0x200001cc     0x1  com_protocol.o [1]
  .bss               zero     0x200001cd     0x1  LOAD_State_Machine.o [1]
  .bss               zero     0x200001ce     0x1  LOAD_State_Machine.o [1]
                            - 0x200001cf   0x1af

"P2", part 3 of 3:                         0x400
  CSTACK                      0x200001d0   0x400  <Block>
    CSTACK           uninit   0x200001d0   0x400  <Block tail>
                            - 0x200005d0   0x400


*******************************************************************************
*** INIT TABLE
***

          Address     Size
          -------     ----
Zero (__iar_zero_init3)
    1 destination range, total size 0x1af:
          0x20000020  0x1af

Copy (__iar_copy_init3)
    1 source range, total size 0x20 (110% of destination):
          0x08003ac8   0x20
    1 destination range, total size 0x1d:
          0x20000000   0x1d



*******************************************************************************
*** MODULE SUMMARY
***

    Module                  ro code  ro data  rw data
    ------                  -------  -------  -------
C:\Users\lucas vitoriano\Desktop\Firmware_Carga - Funcionando\EWARM\Firmware_Carga\Obj: [1]
    LOAD_State_Machine.o        312       12       42
    Load.o                      148        8        8
    com_protocol.o              676       12       17
    main.o                      878               380
    startup_stm32f303x8.o       576
    stm32f3xx_hal.o             192        5        9
    stm32f3xx_hal_adc.o           6
    stm32f3xx_hal_adc_ex.o    2 896
    stm32f3xx_hal_cortex.o      332
    stm32f3xx_hal_dac.o          44
    stm32f3xx_hal_dac_ex.o      280
    stm32f3xx_hal_dma.o         520
    stm32f3xx_hal_gpio.o        768
    stm32f3xx_hal_msp.o         536
    stm32f3xx_hal_rcc.o       2 724       32
    stm32f3xx_hal_rcc_ex.o      448
    stm32f3xx_hal_tim.o         778
    stm32f3xx_hal_tim_ex.o      140
    stm32f3xx_hal_uart.o      1 766
    stm32f3xx_it.o               40
    system_stm32f3xx.o           20       28        4
    -------------------------------------------------
    Total:                   14 080       97      460

command line: [2]
    -------------------------------------------------
    Total:

dl7M_tln.a: [3]
    exit.o                        4
    low_level_init.o              4
    -------------------------------------------------
    Total:                        8

m7M_tls.a: [4]
    DblCmpLe.o                   46
    DblMul.o                    418
    DblToFlt.o                  104
    FltToDbl.o                   72
    fpinit_M.o                   34
    -------------------------------------------------
    Total:                      674

rt7M_tl.a: [5]
    ABImemclr4.o                  6
    ABImemcpy.o                 166
    ABImemset48.o                50
    cexit.o                      10
    cmain.o                      30
    copy_init3.o                 44
    cstartup_M.o                 12
    data_init.o                  40
    zero_init3.o                 64
    -------------------------------------------------
    Total:                      422

shb_l.a: [6]
    exit.o                       20
    -------------------------------------------------
    Total:                       20

    Gaps                         22        2
    Linker created                        39    1 024
-----------------------------------------------------
    Grand Total:             15 226      138    1 484


*******************************************************************************
*** ENTRY LIST
***

Entry                      Address   Size  Type      Object
-----                      -------   ----  ----      ------
.iar.init_table$$Base   0x08003a5c          --   Gb  - Linker created -
.iar.init_table$$Limit  0x08003a80          --   Gb  - Linker created -
?main                   0x08003a81         Code  Gb  cmain.o [5]
ADC_DMAConvCplt         0x08000b35   0x4e  Code  Lc  stm32f3xx_hal_adc_ex.o [1]
ADC_DMAError            0x08000b91   0x1e  Code  Lc  stm32f3xx_hal_adc_ex.o [1]
ADC_DMAHalfConvCplt     0x08000b83    0xe  Code  Lc  stm32f3xx_hal_adc_ex.o [1]
ADC_Disable             0x08000c35   0x8e  Code  Lc  stm32f3xx_hal_adc_ex.o [1]
ADC_Enable              0x08000baf   0x86  Code  Lc  stm32f3xx_hal_adc_ex.o [1]
ADC_VALUES              0x200001c4    0x4  Data  Gb  main.o [1]
AD_To_I_Converter       0x20000004    0x4  Data  Lc  Load.o [1]
AHBPrescTable           0x08003b1c   0x10  Data  Gb  system_stm32f3xx.o [1]
APBPrescTable           0x08003b54    0x8  Data  Gb  system_stm32f3xx.o [1]
BusFault_Handler        0x080039d7    0x2  Code  Gb  stm32f3xx_it.o [1]
CHECKSUM                0x08003477   0x34  Code  Gb  com_protocol.o [1]
COM_Protocol_Check_Message
                        0x0800342b   0x4c  Code  Gb  com_protocol.o [1]
COM_Protocol_Receive_Communication_Control
                        0x0800336d   0x8a  Code  Gb  com_protocol.o [1]
COM_Protocol_Report_Erro
                        0x080034ab   0x30  Code  Gb  com_protocol.o [1]
COM_Protocol_Reset_Serial
                        0x080034db   0x26  Code  Gb  com_protocol.o [1]
COM_Protocol_Transceiver_Communication_Control
                        0x080033f7   0x34  Code  Gb  com_protocol.o [1]
CSTACK$$Base            0x200001d0          --   Gb  - Linker created -
CSTACK$$Limit           0x200005d0          --   Gb  - Linker created -
Convert_Data1_And_Data2_to_uint16_t
                        0x0800358d   0x3a  Code  Gb  com_protocol.o [1]
Convert_Load_Type_To_Serial_Message
                        0x08003535   0x56  Code  Gb  com_protocol.o [1]
Convert_Received_Serial_Message_To_Load_State
                        0x08003501   0x34  Code  Gb  com_protocol.o [1]
Convert_float_to_2_uint8
                        0x080035c9   0x22  Code  Gb  com_protocol.o [1]
DMA1_Channel1_IRQHandler
                        0x080039e9    0xa  Code  Gb  stm32f3xx_it.o [1]
DMA_CalcBaseAndBitshift
                        0x080010d9   0x16  Code  Lc  stm32f3xx_hal_dma.o [1]
DMA_SetConfig           0x080010ad   0x2c  Code  Lc  stm32f3xx_hal_dma.o [1]
DebugMon_Handler        0x080039dd    0x2  Code  Gb  stm32f3xx_it.o [1]
Error_Handler           0x08001781    0x2  Code  Gb  main.o [1]
GET_CURRENT_SETED       0x0800333f   0x18  Code  Gb  Load.o [1]
HAL_ADCEx_Calibration_Start
                        0x08000529   0xa8  Code  Gb  stm32f3xx_hal_adc_ex.o [1]
HAL_ADCEx_MultiModeConfigChannel
                        0x08000a0d  0x122  Code  Gb  stm32f3xx_hal_adc_ex.o [1]
HAL_ADC_ConfigChannel   0x080005e9  0x420  Code  Gb  stm32f3xx_hal_adc_ex.o [1]
HAL_ADC_ConvCpltCallback
                        0x08001105    0x2  Code  Wk  stm32f3xx_hal_adc.o [1]
HAL_ADC_ConvHalfCpltCallback
                        0x08001107    0x2  Code  Wk  stm32f3xx_hal_adc.o [1]
HAL_ADC_ErrorCallback   0x08001109    0x2  Code  Wk  stm32f3xx_hal_adc.o [1]
HAL_ADC_Init            0x08000189  0x242  Code  Gb  stm32f3xx_hal_adc_ex.o [1]
HAL_ADC_MspInit         0x08000d0f   0xac  Code  Gb  stm32f3xx_hal_msp.o [1]
HAL_ADC_Start_DMA       0x080003cb  0x144  Code  Gb  stm32f3xx_hal_adc_ex.o [1]
HAL_DAC_ConfigChannel   0x0800294b   0x7a  Code  Gb  stm32f3xx_hal_dac_ex.o [1]
HAL_DAC_Init            0x08002889   0x2c  Code  Gb  stm32f3xx_hal_dac.o [1]
HAL_DAC_MspInit         0x08000dbb   0x60  Code  Gb  stm32f3xx_hal_msp.o [1]
HAL_DAC_SetValue        0x080028b5   0x30  Code  Gb  stm32f3xx_hal_dac_ex.o [1]
HAL_DAC_Start           0x080028e5   0x66  Code  Gb  stm32f3xx_hal_dac_ex.o [1]
HAL_DMA_IRQHandler      0x08000fdf   0xce  Code  Gb  stm32f3xx_hal_dma.o [1]
HAL_DMA_Init            0x08000ef1   0x56  Code  Gb  stm32f3xx_hal_dma.o [1]
HAL_DMA_Start_IT        0x08000f47   0x98  Code  Gb  stm32f3xx_hal_dma.o [1]
HAL_Delay               0x08003611   0x28  Code  Wk  stm32f3xx_hal.o [1]
HAL_GPIO_DeInit         0x080012c9  0x126  Code  Gb  stm32f3xx_hal_gpio.o [1]
HAL_GPIO_Init           0x08001115  0x1b4  Code  Gb  stm32f3xx_hal_gpio.o [1]
HAL_GetTick             0x080010f9    0xc  Code  Wk  stm32f3xx_hal.o [1]
HAL_IncTick             0x080039f9   0x18  Code  Wk  stm32f3xx_hal.o [1]
HAL_Init                0x080017b9   0x22  Code  Gb  stm32f3xx_hal.o [1]
HAL_InitTick            0x0800328d   0x4c  Code  Wk  stm32f3xx_hal.o [1]
HAL_MspInit             0x08000cd9   0x36  Code  Gb  stm32f3xx_hal_msp.o [1]
HAL_NVIC_EnableIRQ      0x08003251    0xe  Code  Gb  stm32f3xx_hal_cortex.o [1]
HAL_NVIC_SetPriority    0x08003227   0x2a  Code  Gb  stm32f3xx_hal_cortex.o [1]
HAL_NVIC_SetPriorityGrouping
                        0x0800321b    0xc  Code  Gb  stm32f3xx_hal_cortex.o [1]
HAL_RCCEx_PeriphCLKConfig
                        0x080026c9  0x1a2  Code  Gb  stm32f3xx_hal_rcc_ex.o [1]
HAL_RCC_ClockConfig     0x080023cf  0x1f8  Code  Gb  stm32f3xx_hal_rcc.o [1]
HAL_RCC_GetHCLKFreq     0x08002637    0x6  Code  Gb  stm32f3xx_hal_rcc.o [1]
HAL_RCC_GetPCLK1Freq    0x0800263d   0x20  Code  Gb  stm32f3xx_hal_rcc.o [1]
HAL_RCC_GetPCLK2Freq    0x0800265d   0x20  Code  Gb  stm32f3xx_hal_rcc.o [1]
HAL_RCC_GetSysClockFreq
                        0x080025c7   0x70  Code  Gb  stm32f3xx_hal_rcc.o [1]
HAL_RCC_OscConfig       0x08001c25  0x7aa  Code  Gb  stm32f3xx_hal_rcc.o [1]
HAL_SYSTICK_Config      0x0800325f    0xc  Code  Gb  stm32f3xx_hal_cortex.o [1]
HAL_TIMEx_MasterConfigSynchronization
                        0x080029cd   0x7e  Code  Gb  stm32f3xx_hal_tim_ex.o [1]
HAL_TIM_Base_Init       0x080017e1   0x7a  Code  Gb  stm32f3xx_hal_tim.o [1]
HAL_TIM_Base_MspInit    0x08000e1b   0x26  Code  Gb  stm32f3xx_hal_msp.o [1]
HAL_TIM_Base_Start      0x0800185b   0x6e  Code  Gb  stm32f3xx_hal_tim.o [1]
HAL_TIM_ConfigClockSource
                        0x080018d9   0xf6  Code  Gb  stm32f3xx_hal_tim.o [1]
HAL_UART_DeInit         0x08002ad3   0x50  Code  Gb  stm32f3xx_hal_uart.o [1]
HAL_UART_Init           0x08002a59   0x7a  Code  Gb  stm32f3xx_hal_uart.o [1]
HAL_UART_MspDeInit      0x08000eab   0x26  Code  Gb  stm32f3xx_hal_msp.o [1]
HAL_UART_MspInit        0x08000e41   0x6a  Code  Gb  stm32f3xx_hal_msp.o [1]
HAL_UART_Receive        0x08002bfd  0x14a  Code  Gb  stm32f3xx_hal_uart.o [1]
HAL_UART_Transmit       0x08002b23   0xda  Code  Gb  stm32f3xx_hal_uart.o [1]
HardFault_Handler       0x080039d3    0x2  Code  Gb  stm32f3xx_it.o [1]
I_To_AD_Converter       0x20000000    0x4  Data  Lc  Load.o [1]
Load_Init               0x080032d9    0xc  Code  Gb  Load.o [1]
Load_State_Machine      0x08001b0f   0xe4  Code  Gb  LOAD_State_Machine.o [1]
Load_State_Machine_Init
                        0x08001aed   0x22  Code  Gb  LOAD_State_Machine.o [1]
MX_ADC1_Init            0x080014f1   0xdc  Code  Lc  main.o [1]
MX_DAC1_Init            0x080015cd   0x3e  Code  Lc  main.o [1]
MX_DMA_Init             0x080016e3   0x2c  Code  Lc  main.o [1]
MX_GPIO_Init            0x0800170f   0x4e  Code  Lc  main.o [1]
MX_TIM1_Init            0x0800160b   0x88  Code  Lc  main.o [1]
MX_USART1_UART_Init     0x08001693   0x50  Code  Lc  main.o [1]
MemManage_Handler       0x080039d5    0x2  Code  Gb  stm32f3xx_it.o [1]
Message_To_Communication
                        0x200001a8    0x8  Data  Lc  LOAD_State_Machine.o [1]
NMI_Handler             0x080039d1    0x2  Code  Gb  stm32f3xx_it.o [1]
NVIC_EncodePriority     0x080031a9   0x42  Code  Lc  stm32f3xx_hal_cortex.o [1]
PendSV_Handler          0x080039df    0x2  Code  Gb  stm32f3xx_it.o [1]
Received_UART_Message   0x200001a0    0x8  Data  Lc  com_protocol.o [1]
Region$$Table$$Base     0x08003a5c          --   Gb  - Linker created -
Region$$Table$$Limit    0x08003a80          --   Gb  - Linker created -
SET_CURRENT             0x080032e5   0x42  Code  Gb  Load.o [1]
SVC_Handler             0x080039db    0x2  Code  Gb  stm32f3xx_it.o [1]
Status_Message          0x200001cd    0x1  Data  Lc  LOAD_State_Machine.o [1]
Status_Message_Receiver
                        0x20000198    0x8  Data  Lc  com_protocol.o [1]
Status_Message_Transceiver
                        0x200001cc    0x1  Data  Lc  com_protocol.o [1]
Status_Message_Transceiver
                        0x200001ce    0x1  Data  Lc  LOAD_State_Machine.o [1]
SysTick_Config          0x080031eb   0x30  Code  Lc  stm32f3xx_hal_cortex.o [1]
SysTick_Handler         0x080039e1    0x8  Code  Gb  stm32f3xx_it.o [1]
SystemClock_Config      0x08001459   0x98  Code  Gb  main.o [1]
SystemCoreClock         0x20000018    0x4  Data  Gb  system_stm32f3xx.o [1]
SystemInit              0x08003ae9    0xe  Code  Gb  system_stm32f3xx.o [1]
TIM_Base_SetConfig      0x080019cf   0x92  Code  Gb  stm32f3xx_hal_tim.o [1]
TIM_ETR_SetConfig       0x08001ad3   0x18  Code  Gb  stm32f3xx_hal_tim.o [1]
TIM_ITRx_SetConfig      0x08001ac3   0x10  Code  Lc  stm32f3xx_hal_tim.o [1]
TIM_TI1_ConfigInputStage
                        0x08001a79   0x24  Code  Lc  stm32f3xx_hal_tim.o [1]
TIM_TI2_ConfigInputStage
                        0x08001a9d   0x26  Code  Lc  stm32f3xx_hal_tim.o [1]
TURN_LOAD_OFF           0x08003327   0x18  Code  Gb  Load.o [1]
UART_AdvFeatureConfig   0x08002f11   0xda  Code  Gb  stm32f3xx_hal_uart.o [1]
UART_CheckIdleState     0x08002feb   0x6e  Code  Gb  stm32f3xx_hal_uart.o [1]
UART_SetConfig          0x08002d47  0x1b0  Code  Gb  stm32f3xx_hal_uart.o [1]
UART_WaitOnFlagUntilTimeout
                        0x08003059   0xe6  Code  Gb  stm32f3xx_hal_uart.o [1]
UsageFault_Handler      0x080039d9    0x2  Code  Gb  stm32f3xx_it.o [1]
__NVIC_EnableIRQ        0x08003167   0x1c  Code  Lc  stm32f3xx_hal_cortex.o [1]
__NVIC_GetPriorityGrouping
                        0x0800315d    0xa  Code  Lc  stm32f3xx_hal_cortex.o [1]
__NVIC_SetPriority      0x08003183   0x26  Code  Lc  stm32f3xx_hal_cortex.o [1]
__NVIC_SetPriorityGrouping
                        0x08003141   0x1c  Code  Lc  stm32f3xx_hal_cortex.o [1]
__aeabi_cdcmple         0x08003825         Code  Gb  DblCmpLe.o [4]
__aeabi_d2f             0x080038fd         Code  Gb  DblToFlt.o [4]
__aeabi_dmul            0x08003681         Code  Gb  DblMul.o [4]
__aeabi_f2d             0x08003639         Code  Gb  FltToDbl.o [4]
__aeabi_memclr4         0x0800110d         Code  Gb  ABImemclr4.o [5]
__aeabi_memcpy          0x08003855         Code  Gb  ABImemcpy.o [5]
__aeabi_memcpy4         0x08003875         Code  Gb  ABImemcpy.o [5]
__aeabi_memcpy8         0x08003875         Code  Gb  ABImemcpy.o [5]
__cmain                 0x08003a81         Code  Gb  cmain.o [5]
__exit                  0x08003ab5   0x14  Code  Gb  exit.o [6]
__iar_Memset4_word      0x08001785         Code  Gb  ABImemset48.o [5]
__iar_Memset8_word      0x08001785         Code  Gb  ABImemset48.o [5]
__iar_copy_init3        0x080039a5   0x2c  Code  Gb  copy_init3.o [5]
__iar_data_init3        0x08003a11   0x28  Code  Gb  data_init.o [5]
__iar_init_vfp          0x08003a39         Code  Gb  fpinit_M.o [4]
__iar_program_start     0x08003b49         Code  Gb  cstartup_M.o [5]
__iar_systems$$module {Abs}
                        0x00000001         Data  Gb  command line/config [2]
__iar_zero_init3        0x08003965   0x40  Code  Gb  zero_init3.o [5]
__low_level_init        0x08003a9f    0x4  Code  Gb  low_level_init.o [3]
__vector_table          0x08000000         Data  Gb  startup_stm32f303x8.o [1]
_call_main              0x08003a8d         Code  Gb  cmain.o [5]
_exit                   0x08003aa9         Code  Gb  cexit.o [5]
_main                   0x08003a9b         Code  Gb  cmain.o [5]
aPLLMULFactorTable      0x08003afc   0x10  Data  Gb  stm32f3xx_hal_rcc.o [1]
aPredivFactorTable      0x08003b0c   0x10  Data  Gb  stm32f3xx_hal_rcc.o [1]
current_A               0x200001b8    0x4  Data  Lc  LOAD_State_Machine.o [1]
exit                    0x08003aa3    0x4  Code  Gb  exit.o [3]
hadc1                   0x200000a4   0x50  Data  Gb  main.o [1]
hdac1                   0x20000184   0x14  Data  Gb  main.o [1]
hdma_adc1               0x20000140   0x44  Data  Gb  main.o [1]
htim1                   0x200000f4   0x4c  Data  Gb  main.o [1]
huart1                  0x20000020   0x84  Data  Gb  main.o [1]
initial_time            0x200001b4    0x4  Data  Lc  LOAD_State_Machine.o [1]
load                    0x20000008    0xc  Data  Lc  LOAD_State_Machine.o [1]
main                    0x08001415   0x44  Code  Gb  main.o [1]
original_time           0x200001b0    0x4  Data  Lc  LOAD_State_Machine.o [1]
potency_W               0x200001bc    0x4  Data  Lc  LOAD_State_Machine.o [1]
resistance_Ohms         0x200001c0    0x4  Data  Lc  LOAD_State_Machine.o [1]
uwTick                  0x200001c8    0x4  Data  Gb  stm32f3xx_hal.o [1]
uwTickFreq              0x2000001c    0x1  Data  Gb  stm32f3xx_hal.o [1]
uwTickPrio              0x20000014    0x4  Data  Gb  stm32f3xx_hal.o [1]


[1] = C:\Users\lucas vitoriano\Desktop\Firmware_Carga - Funcionando\EWARM\Firmware_Carga\Obj
[2] = command line
[3] = dl7M_tln.a
[4] = m7M_tls.a
[5] = rt7M_tl.a
[6] = shb_l.a

  15 226 bytes of readonly  code memory
     138 bytes of readonly  data memory
   1 484 bytes of readwrite data memory

Errors: none
Warnings: none
