###############################################################################
#
# IAR ELF Linker V8.20.1.14183/W32 for ARM                24/Feb/2022  17:27:25
# Copyright 2007-2017 IAR Systems AB.
#
#    Output file  =  
#        C:\Users\lucas vitoriano\Desktop\Firmware_Carga -
#        Funcionando\EWARM\Firmware_Carga\Exe\Firmware_Carga.out
#    Map file     =  
#        C:\Users\lucas vitoriano\Desktop\Firmware_Carga -
#        Funcionando\EWARM\Firmware_Carga\List\Firmware_Carga.map
#    Command line =  
#        -f C:\Users\LUCASV~1\AppData\Local\Temp\EW61A.tmp ("C:\Users\lucas
#        vitoriano\Desktop\Firmware_Carga -
#        Funcionando\EWARM\Firmware_Carga\Obj\Load.o" "C:\Users\lucas
#        vitoriano\Desktop\Firmware_Carga -
#        Funcionando\EWARM\Firmware_Carga\Obj\LOAD_State_Machine.o"
#        "C:\Users\lucas vitoriano\Desktop\Firmware_Carga -
#        Funcionando\EWARM\Firmware_Carga\Obj\main.o" "C:\Users\lucas
#        vitoriano\Desktop\Firmware_Carga -
#        Funcionando\EWARM\Firmware_Carga\Obj\startup_stm32f303x8.o"
#        "C:\Users\lucas vitoriano\Desktop\Firmware_Carga -
#        Funcionando\EWARM\Firmware_Carga\Obj\stm32f3xx_hal.o" "C:\Users\lucas
#        vitoriano\Desktop\Firmware_Carga -
#        Funcionando\EWARM\Firmware_Carga\Obj\stm32f3xx_hal_adc.o"
#        "C:\Users\lucas vitoriano\Desktop\Firmware_Carga -
#        Funcionando\EWARM\Firmware_Carga\Obj\stm32f3xx_hal_adc_ex.o"
#        "C:\Users\lucas vitoriano\Desktop\Firmware_Carga -
#        Funcionando\EWARM\Firmware_Carga\Obj\stm32f3xx_hal_cortex.o"
#        "C:\Users\lucas vitoriano\Desktop\Firmware_Carga -
#        Funcionando\EWARM\Firmware_Carga\Obj\stm32f3xx_hal_dac.o"
#        "C:\Users\lucas vitoriano\Desktop\Firmware_Carga -
#        Funcionando\EWARM\Firmware_Carga\Obj\stm32f3xx_hal_dac_ex.o"
#        "C:\Users\lucas vitoriano\Desktop\Firmware_Carga -
#        Funcionando\EWARM\Firmware_Carga\Obj\stm32f3xx_hal_dma.o"
#        "C:\Users\lucas vitoriano\Desktop\Firmware_Carga -
#        Funcionando\EWARM\Firmware_Carga\Obj\stm32f3xx_hal_exti.o"
#        "C:\Users\lucas vitoriano\Desktop\Firmware_Carga -
#        Funcionando\EWARM\Firmware_Carga\Obj\stm32f3xx_hal_flash.o"
#        "C:\Users\lucas vitoriano\Desktop\Firmware_Carga -
#        Funcionando\EWARM\Firmware_Carga\Obj\stm32f3xx_hal_flash_ex.o"
#        "C:\Users\lucas vitoriano\Desktop\Firmware_Carga -
#        Funcionando\EWARM\Firmware_Carga\Obj\stm32f3xx_hal_gpio.o"
#        "C:\Users\lucas vitoriano\Desktop\Firmware_Carga -
#        Funcionando\EWARM\Firmware_Carga\Obj\stm32f3xx_hal_i2c.o"
#        "C:\Users\lucas vitoriano\Desktop\Firmware_Carga -
#        Funcionando\EWARM\Firmware_Carga\Obj\stm32f3xx_hal_i2c_ex.o"
#        "C:\Users\lucas vitoriano\Desktop\Firmware_Carga -
#        Funcionando\EWARM\Firmware_Carga\Obj\stm32f3xx_hal_msp.o"
#        "C:\Users\lucas vitoriano\Desktop\Firmware_Carga -
#        Funcionando\EWARM\Firmware_Carga\Obj\stm32f3xx_hal_pwr.o"
#        "C:\Users\lucas vitoriano\Desktop\Firmware_Carga -
#        Funcionando\EWARM\Firmware_Carga\Obj\stm32f3xx_hal_pwr_ex.o"
#        "C:\Users\lucas vitoriano\Desktop\Firmware_Carga -
#        Funcionando\EWARM\Firmware_Carga\Obj\stm32f3xx_hal_rcc.o"
#        "C:\Users\lucas vitoriano\Desktop\Firmware_Carga -
#        Funcionando\EWARM\Firmware_Carga\Obj\stm32f3xx_hal_rcc_ex.o"
#        "C:\Users\lucas vitoriano\Desktop\Firmware_Carga -
#        Funcionando\EWARM\Firmware_Carga\Obj\stm32f3xx_hal_tim.o"
#        "C:\Users\lucas vitoriano\Desktop\Firmware_Carga -
#        Funcionando\EWARM\Firmware_Carga\Obj\stm32f3xx_hal_tim_ex.o"
#        "C:\Users\lucas vitoriano\Desktop\Firmware_Carga -
#        Funcionando\EWARM\Firmware_Carga\Obj\stm32f3xx_hal_uart.o"
#        "C:\Users\lucas vitoriano\Desktop\Firmware_Carga -
#        Funcionando\EWARM\Firmware_Carga\Obj\stm32f3xx_hal_uart_ex.o"
#        "C:\Users\lucas vitoriano\Desktop\Firmware_Carga -
#        Funcionando\EWARM\Firmware_Carga\Obj\stm32f3xx_it.o" "C:\Users\lucas
#        vitoriano\Desktop\Firmware_Carga -
#        Funcionando\EWARM\Firmware_Carga\Obj\system_stm32f3xx.o" --redirect
#        _Printf=_PrintfFull --redirect _Scanf=_ScanfFull -o "C:\Users\lucas
#        vitoriano\Desktop\Firmware_Carga -
#        Funcionando\EWARM\Firmware_Carga\Exe\Firmware_Carga.out" --map
#        "C:\Users\lucas vitoriano\Desktop\Firmware_Carga -
#        Funcionando\EWARM\Firmware_Carga\List\Firmware_Carga.map" --config
#        "C:\Users\lucas vitoriano\Desktop\Firmware_Carga -
#        Funcionando\EWARM/stm32f303x8_flash.icf" --semihosting --entry
#        __iar_program_start --vfe --text_out locale)
#
###############################################################################

*******************************************************************************
*** RUNTIME MODEL ATTRIBUTES
***

CppFlavor       = *
__SystemLibrary = DLib
__dlib_version  = 6


*******************************************************************************
*** HEAP SELECTION
***

The basic heap was selected because no calls to memory allocation
functions were found in the application outside of system library
functions, and there are calls to deallocation functions in the
application.


*******************************************************************************
*** PLACEMENT SUMMARY
***

"A0":  place at 0x08000000 { ro section .intvec };
"P1":  place in [from 0x08000000 to 0x0800ffff] { ro };
define block CSTACK with size = 1K, alignment = 8 { };
define block HEAP with size = 512, alignment = 8 { };
"P2":  place in [from 0x20000000 to 0x20002fff] {
          rw, block CSTACK, block HEAP };
initialize by copy { rw };

  Section            Kind        Address    Size  Object
  -------            ----        -------    ----  ------
"A0":                                      0x188
  .intvec            ro code  0x08000000   0x188  startup_stm32f303x8.o [1]
                            - 0x08000188   0x188

"P1":                                     0x3060
  .text              ro code  0x08000188   0xb50  stm32f3xx_hal_adc_ex.o [1]
  .text              ro code  0x08000cd8   0x1f4  stm32f3xx_hal_msp.o [1]
  .text              ro code  0x08000ecc   0x208  stm32f3xx_hal_dma.o [1]
  .text              ro code  0x080010d4     0xc  stm32f3xx_hal.o [1]
  .text              ro code  0x080010e0     0x2  stm32f3xx_hal_adc.o [1]
  .text              ro code  0x080010e2     0x2  stm32f3xx_hal_adc.o [1]
  .text              ro code  0x080010e4     0x2  stm32f3xx_hal_adc.o [1]
  .text              ro code  0x080010e8     0x6  ABImemclr4.o [5]
  .text              ro code  0x080010f0   0x1d8  stm32f3xx_hal_gpio.o [1]
  .text              ro code  0x080012c8   0x386  main.o [1]
  .text              ro code  0x08001650    0x32  ABImemset48.o [5]
  .text              ro code  0x08001684    0x28  stm32f3xx_hal.o [1]
  .text              ro code  0x080016ac    0x94  LOAD_State_Machine.o [1]
  .text              ro code  0x08001740    0x2c  stm32f3xx_hal_dac.o [1]
  .text              ro code  0x0800176c   0x118  stm32f3xx_hal_dac_ex.o [1]
  .text              ro code  0x08001884   0x30a  stm32f3xx_hal_tim.o [1]
  .text              ro code  0x08001b90    0x8c  stm32f3xx_hal_tim_ex.o [1]
  .text              ro code  0x08001c1c   0x14c  stm32f3xx_hal_cortex.o [1]
  .text              ro code  0x08001d68   0xaa4  stm32f3xx_hal_rcc.o [1]
  .text              ro code  0x0800280c   0x1c0  stm32f3xx_hal_rcc_ex.o [1]
  .text              ro code  0x080029cc   0x472  stm32f3xx_hal_uart.o [1]
  .text              ro code  0x08002e40    0x4c  stm32f3xx_hal.o [1]
  .text              ro code  0x08002e8c    0xcc  Load.o [1]
  .text              ro code  0x08002f58    0x40  zero_init3.o [5]
  .text              ro code  0x08002f98    0x2c  copy_init3.o [5]
  .text              ro code  0x08002fc4    0x28  stm32f3xx_it.o [1]
  .text              ro code  0x08002fec    0x18  stm32f3xx_hal.o [1]
  .text              ro code  0x08003004    0x28  data_init.o [5]
  .text              ro code  0x0800302c    0x22  fpinit_M.o [4]
  .iar.init_table    const    0x08003050    0x24  - Linker created -
  .text              ro code  0x08003074    0x1e  cmain.o [5]
  .text              ro code  0x08003092     0x4  low_level_init.o [3]
  .text              ro code  0x08003096     0x4  exit.o [3]
  .text              ro code  0x0800309c     0xa  cexit.o [5]
  .text              ro code  0x080030a8    0x14  exit.o [6]
  Initializer bytes  const    0x080030bc    0x1c  <for P2-1>
  .text              ro code  0x080030d8    0x14  system_stm32f3xx.o [1]
  .rodata            const    0x080030ec    0x10  stm32f3xx_hal_rcc.o [1]
  .rodata            const    0x080030fc    0x10  stm32f3xx_hal_rcc.o [1]
  .rodata            const    0x0800310c    0x10  system_stm32f3xx.o [1]
  .text              ro code  0x0800311c    0x10  startup_stm32f303x8.o [1]
  .text              ro code  0x0800312c     0xc  cstartup_M.o [5]
  .rodata            const    0x08003138     0x8  system_stm32f3xx.o [1]
  .text              ro code  0x08003140     0x4  startup_stm32f303x8.o [1]
  .text              ro code  0x08003144     0x4  startup_stm32f303x8.o [1]
  .text              ro code  0x08003148     0x4  startup_stm32f303x8.o [1]
  .text              ro code  0x0800314c     0x4  startup_stm32f303x8.o [1]
  .text              ro code  0x08003150     0x4  startup_stm32f303x8.o [1]
  .text              ro code  0x08003154     0x4  startup_stm32f303x8.o [1]
  .text              ro code  0x08003158     0x4  startup_stm32f303x8.o [1]
  .text              ro code  0x0800315c     0x4  startup_stm32f303x8.o [1]
  .text              ro code  0x08003160     0x4  startup_stm32f303x8.o [1]
  .text              ro code  0x08003164     0x4  startup_stm32f303x8.o [1]
  .text              ro code  0x08003168     0x4  startup_stm32f303x8.o [1]
  .text              ro code  0x0800316c     0x4  startup_stm32f303x8.o [1]
  .text              ro code  0x08003170     0x4  startup_stm32f303x8.o [1]
  .text              ro code  0x08003174     0x4  startup_stm32f303x8.o [1]
  .text              ro code  0x08003178     0x4  startup_stm32f303x8.o [1]
  .text              ro code  0x0800317c     0x4  startup_stm32f303x8.o [1]
  .text              ro code  0x08003180     0x4  startup_stm32f303x8.o [1]
  .text              ro code  0x08003184     0x4  startup_stm32f303x8.o [1]
  .text              ro code  0x08003188     0x4  startup_stm32f303x8.o [1]
  .text              ro code  0x0800318c     0x4  startup_stm32f303x8.o [1]
  .text              ro code  0x08003190     0x4  startup_stm32f303x8.o [1]
  .text              ro code  0x08003194     0x4  startup_stm32f303x8.o [1]
  .text              ro code  0x08003198     0x4  startup_stm32f303x8.o [1]
  .text              ro code  0x0800319c     0x4  startup_stm32f303x8.o [1]
  .text              ro code  0x080031a0     0x4  startup_stm32f303x8.o [1]
  .text              ro code  0x080031a4     0x4  startup_stm32f303x8.o [1]
  .text              ro code  0x080031a8     0x4  startup_stm32f303x8.o [1]
  .text              ro code  0x080031ac     0x4  startup_stm32f303x8.o [1]
  .text              ro code  0x080031b0     0x4  startup_stm32f303x8.o [1]
  .text              ro code  0x080031b4     0x4  startup_stm32f303x8.o [1]
  .text              ro code  0x080031b8     0x4  startup_stm32f303x8.o [1]
  .text              ro code  0x080031bc     0x4  startup_stm32f303x8.o [1]
  .text              ro code  0x080031c0     0x4  startup_stm32f303x8.o [1]
  .text              ro code  0x080031c4     0x4  startup_stm32f303x8.o [1]
  .text              ro code  0x080031c8     0x4  startup_stm32f303x8.o [1]
  .text              ro code  0x080031cc     0x4  startup_stm32f303x8.o [1]
  .text              ro code  0x080031d0     0x4  startup_stm32f303x8.o [1]
  .text              ro code  0x080031d4     0x4  startup_stm32f303x8.o [1]
  .text              ro code  0x080031d8     0x4  startup_stm32f303x8.o [1]
  .text              ro code  0x080031dc     0x4  startup_stm32f303x8.o [1]
  .text              ro code  0x080031e0     0x4  startup_stm32f303x8.o [1]
  .text              ro code  0x080031e4     0x4  startup_stm32f303x8.o [1]
  .rodata            const    0x080031e8     0x0  zero_init3.o [5]
  .rodata            const    0x080031e8     0x0  copy_init3.o [5]
                            - 0x080031e8  0x3060

"P2", part 1 of 3:                          0x1c
  P2-1                        0x20000000    0x19  <Init block>
    .data            inited   0x20000000     0x4  Load.o [1]
    .data            inited   0x20000004     0x4  Load.o [1]
    .data            inited   0x20000008     0x4  LOAD_State_Machine.o [1]
    .data            inited   0x2000000c     0x4  main.o [1]
    .data            inited   0x20000010     0x4  stm32f3xx_hal.o [1]
    .data            inited   0x20000014     0x4  system_stm32f3xx.o [1]
    .data            inited   0x20000018     0x1  stm32f3xx_hal.o [1]
                            - 0x20000019    0x19

"P2", part 2 of 3:                         0x194
  .bss               zero     0x2000001c    0x84  main.o [1]
  .bss               zero     0x200000a0    0x50  main.o [1]
  .bss               zero     0x200000f0    0x4c  main.o [1]
  .bss               zero     0x2000013c    0x44  main.o [1]
  .bss               zero     0x20000180    0x14  main.o [1]
  .bss               zero     0x20000194     0x4  Load.o [1]
  .bss               zero     0x20000198     0x4  LOAD_State_Machine.o [1]
  .bss               zero     0x2000019c     0x4  LOAD_State_Machine.o [1]
  .bss               zero     0x200001a0     0x4  main.o [1]
  .bss               zero     0x200001a4     0x4  main.o [1]
  .bss               zero     0x200001a8     0x4  stm32f3xx_hal.o [1]
  .bss               zero     0x200001ac     0x1  main.o [1]
                            - 0x200001ad   0x191

"P2", part 3 of 3:                         0x400
  CSTACK                      0x200001b0   0x400  <Block>
    CSTACK           uninit   0x200001b0   0x400  <Block tail>
                            - 0x200005b0   0x400


*******************************************************************************
*** INIT TABLE
***

          Address     Size
          -------     ----
Zero (__iar_zero_init3)
    1 destination range, total size 0x191:
          0x2000001c  0x191

Copy (__iar_copy_init3)
    1 source range, total size 0x1c (112% of destination):
          0x080030bc   0x1c
    1 destination range, total size 0x19:
          0x20000000   0x19



*******************************************************************************
*** MODULE SUMMARY
***

    Module                  ro code  ro data  rw data
    ------                  -------  -------  -------
C:\Users\lucas vitoriano\Desktop\Firmware_Carga - Funcionando\EWARM\Firmware_Carga\Obj: [1]
    LOAD_State_Machine.o        148        4       12
    Load.o                      204        8       12
    main.o                      902        4      389
    startup_stm32f303x8.o       576
    stm32f3xx_hal.o             152        5        9
    stm32f3xx_hal_adc.o           6
    stm32f3xx_hal_adc_ex.o    2 896
    stm32f3xx_hal_cortex.o      332
    stm32f3xx_hal_dac.o          44
    stm32f3xx_hal_dac_ex.o      280
    stm32f3xx_hal_dma.o         520
    stm32f3xx_hal_gpio.o        472
    stm32f3xx_hal_msp.o         500
    stm32f3xx_hal_rcc.o       2 724       32
    stm32f3xx_hal_rcc_ex.o      448
    stm32f3xx_hal_tim.o         778
    stm32f3xx_hal_tim_ex.o      140
    stm32f3xx_hal_uart.o      1 138
    stm32f3xx_it.o               40
    system_stm32f3xx.o           20       28        4
    -------------------------------------------------
    Total:                   12 320       81      426

command line: [2]
    -------------------------------------------------
    Total:

dl7M_tln.a: [3]
    exit.o                        4
    low_level_init.o              4
    -------------------------------------------------
    Total:                        8

m7M_tls.a: [4]
    fpinit_M.o                   34
    -------------------------------------------------
    Total:                       34

rt7M_tl.a: [5]
    ABImemclr4.o                  6
    ABImemset48.o                50
    cexit.o                      10
    cmain.o                      30
    copy_init3.o                 44
    cstartup_M.o                 12
    data_init.o                  40
    zero_init3.o                 64
    -------------------------------------------------
    Total:                      256

shb_l.a: [6]
    exit.o                       20
    -------------------------------------------------
    Total:                       20

    Gaps                         16        2
    Linker created                        39    1 024
-----------------------------------------------------
    Grand Total:             12 654      122    1 450


*******************************************************************************
*** ENTRY LIST
***

Entry                      Address   Size  Type      Object
-----                      -------   ----  ----      ------
.iar.init_table$$Base   0x08003050          --   Gb  - Linker created -
.iar.init_table$$Limit  0x08003074          --   Gb  - Linker created -
?main                   0x08003075         Code  Gb  cmain.o [5]
ADC_DMAConvCplt         0x08000b35   0x4e  Code  Lc  stm32f3xx_hal_adc_ex.o [1]
ADC_DMAError            0x08000b91   0x1e  Code  Lc  stm32f3xx_hal_adc_ex.o [1]
ADC_DMAHalfConvCplt     0x08000b83    0xe  Code  Lc  stm32f3xx_hal_adc_ex.o [1]
ADC_Disable             0x08000c35   0x8e  Code  Lc  stm32f3xx_hal_adc_ex.o [1]
ADC_Enable              0x08000baf   0x86  Code  Lc  stm32f3xx_hal_adc_ex.o [1]
ADC_VALUES              0x20000194    0x4  Data  Gb  Load.o [1]
AD_To_Tension_Converter
                        0x20000004    0x4  Data  Gb  Load.o [1]
AHBPrescTable           0x0800310c   0x10  Data  Gb  system_stm32f3xx.o [1]
APBPrescTable           0x08003138    0x8  Data  Gb  system_stm32f3xx.o [1]
BusFault_Handler        0x08002fcb    0x2  Code  Gb  stm32f3xx_it.o [1]
CSTACK$$Base            0x200001b0          --   Gb  - Linker created -
CSTACK$$Limit           0x200005b0          --   Gb  - Linker created -
Carga_Init              0x08002e8d   0x1c  Code  Gb  Load.o [1]
Carga_State             0x200001ac    0x1  Data  Gb  main.o [1]
DMA1_Channel1_IRQHandler
                        0x08002fdd    0xa  Code  Gb  stm32f3xx_it.o [1]
DMA_CalcBaseAndBitshift
                        0x080010b5   0x16  Code  Lc  stm32f3xx_hal_dma.o [1]
DMA_SetConfig           0x08001089   0x2c  Code  Lc  stm32f3xx_hal_dma.o [1]
DebugMon_Handler        0x08002fd1    0x2  Code  Gb  stm32f3xx_it.o [1]
Error_Handler           0x0800164d    0x2  Code  Gb  main.o [1]
HAL_ADCEx_Calibration_Start
                        0x08000529   0xa8  Code  Gb  stm32f3xx_hal_adc_ex.o [1]
HAL_ADCEx_MultiModeConfigChannel
                        0x08000a0d  0x122  Code  Gb  stm32f3xx_hal_adc_ex.o [1]
HAL_ADC_ConfigChannel   0x080005e9  0x420  Code  Gb  stm32f3xx_hal_adc_ex.o [1]
HAL_ADC_ConvCpltCallback
                        0x080010e1    0x2  Code  Wk  stm32f3xx_hal_adc.o [1]
HAL_ADC_ConvHalfCpltCallback
                        0x080010e3    0x2  Code  Wk  stm32f3xx_hal_adc.o [1]
HAL_ADC_ErrorCallback   0x080010e5    0x2  Code  Wk  stm32f3xx_hal_adc.o [1]
HAL_ADC_Init            0x08000189  0x242  Code  Gb  stm32f3xx_hal_adc_ex.o [1]
HAL_ADC_MspInit         0x08000d0f   0xac  Code  Gb  stm32f3xx_hal_msp.o [1]
HAL_ADC_Start_DMA       0x080003cb  0x144  Code  Gb  stm32f3xx_hal_adc_ex.o [1]
HAL_DAC_ConfigChannel   0x08001803   0x7a  Code  Gb  stm32f3xx_hal_dac_ex.o [1]
HAL_DAC_Init            0x08001741   0x2c  Code  Gb  stm32f3xx_hal_dac.o [1]
HAL_DAC_MspInit         0x08000dbb   0x60  Code  Gb  stm32f3xx_hal_msp.o [1]
HAL_DAC_SetValue        0x0800176d   0x30  Code  Gb  stm32f3xx_hal_dac_ex.o [1]
HAL_DAC_Start           0x0800179d   0x66  Code  Gb  stm32f3xx_hal_dac_ex.o [1]
HAL_DMA_IRQHandler      0x08000fbb   0xce  Code  Gb  stm32f3xx_hal_dma.o [1]
HAL_DMA_Init            0x08000ecd   0x56  Code  Gb  stm32f3xx_hal_dma.o [1]
HAL_DMA_Start_IT        0x08000f23   0x98  Code  Gb  stm32f3xx_hal_dma.o [1]
HAL_GPIO_Init           0x080010f1  0x1b4  Code  Gb  stm32f3xx_hal_gpio.o [1]
HAL_GetTick             0x080010d5    0xc  Code  Wk  stm32f3xx_hal.o [1]
HAL_IncTick             0x08002fed   0x18  Code  Wk  stm32f3xx_hal.o [1]
HAL_Init                0x08001685   0x22  Code  Gb  stm32f3xx_hal.o [1]
HAL_InitTick            0x08002e41   0x4c  Code  Wk  stm32f3xx_hal.o [1]
HAL_MspInit             0x08000cd9   0x36  Code  Gb  stm32f3xx_hal_msp.o [1]
HAL_NVIC_EnableIRQ      0x08001d2d    0xe  Code  Gb  stm32f3xx_hal_cortex.o [1]
HAL_NVIC_SetPriority    0x08001d03   0x2a  Code  Gb  stm32f3xx_hal_cortex.o [1]
HAL_NVIC_SetPriorityGrouping
                        0x08001cf7    0xc  Code  Gb  stm32f3xx_hal_cortex.o [1]
HAL_RCCEx_PeriphCLKConfig
                        0x0800280d  0x1a2  Code  Gb  stm32f3xx_hal_rcc_ex.o [1]
HAL_RCC_ClockConfig     0x08002513  0x1f8  Code  Gb  stm32f3xx_hal_rcc.o [1]
HAL_RCC_GetHCLKFreq     0x0800277b    0x6  Code  Gb  stm32f3xx_hal_rcc.o [1]
HAL_RCC_GetPCLK1Freq    0x08002781   0x20  Code  Gb  stm32f3xx_hal_rcc.o [1]
HAL_RCC_GetPCLK2Freq    0x080027a1   0x20  Code  Gb  stm32f3xx_hal_rcc.o [1]
HAL_RCC_GetSysClockFreq
                        0x0800270b   0x70  Code  Gb  stm32f3xx_hal_rcc.o [1]
HAL_RCC_OscConfig       0x08001d69  0x7aa  Code  Gb  stm32f3xx_hal_rcc.o [1]
HAL_SYSTICK_Config      0x08001d3b    0xc  Code  Gb  stm32f3xx_hal_cortex.o [1]
HAL_TIMEx_MasterConfigSynchronization
                        0x08001b91   0x7e  Code  Gb  stm32f3xx_hal_tim_ex.o [1]
HAL_TIM_Base_Init       0x08001885   0x7a  Code  Gb  stm32f3xx_hal_tim.o [1]
HAL_TIM_Base_MspInit    0x08000e1b   0x26  Code  Gb  stm32f3xx_hal_msp.o [1]
HAL_TIM_Base_Start      0x080018ff   0x6e  Code  Gb  stm32f3xx_hal_tim.o [1]
HAL_TIM_ConfigClockSource
                        0x0800197d   0xf6  Code  Gb  stm32f3xx_hal_tim.o [1]
HAL_UART_Init           0x080029cd   0x7a  Code  Gb  stm32f3xx_hal_uart.o [1]
HAL_UART_MspInit        0x08000e41   0x6a  Code  Gb  stm32f3xx_hal_msp.o [1]
HardFault_Handler       0x08002fc7    0x2  Code  Gb  stm32f3xx_it.o [1]
I_To_AD_Converter       0x20000000    0x4  Data  Gb  Load.o [1]
Load_State_Machine      0x080016b5   0x36  Code  Gb  LOAD_State_Machine.o [1]
Load_State_Machine_Init
                        0x080016ad    0x8  Code  Gb  LOAD_State_Machine.o [1]
MX_ADC1_Init            0x08001317   0xdc  Code  Lc  main.o [1]
MX_DAC1_Init            0x080013f3   0x3e  Code  Lc  main.o [1]
MX_DMA_Init             0x080014b9   0x2c  Code  Lc  main.o [1]
MX_GPIO_Init            0x080014e5   0x4e  Code  Lc  main.o [1]
MX_TIM1_Init            0x08001431   0x88  Code  Lc  main.o [1]
MX_USART1_UART_Init     0x080015cb   0x50  Code  Lc  main.o [1]
MemManage_Handler       0x08002fc9    0x2  Code  Gb  stm32f3xx_it.o [1]
NMI_Handler             0x08002fc5    0x2  Code  Gb  stm32f3xx_it.o [1]
NVIC_EncodePriority     0x08001c85   0x42  Code  Lc  stm32f3xx_hal_cortex.o [1]
PendSV_Handler          0x08002fd3    0x2  Code  Gb  stm32f3xx_it.o [1]
Region$$Table$$Base     0x08003050          --   Gb  - Linker created -
Region$$Table$$Limit    0x08003074          --   Gb  - Linker created -
SET_CURRENT             0x08002ea9   0x34  Code  Gb  Load.o [1]
SET_POTENCY             0x08002edd   0x32  Code  Gb  Load.o [1]
SET_RESISTANCE          0x08002f0f   0x32  Code  Gb  Load.o [1]
SVC_Handler             0x08002fcf    0x2  Code  Gb  stm32f3xx_it.o [1]
SysTick_Config          0x08001cc7   0x30  Code  Lc  stm32f3xx_hal_cortex.o [1]
SysTick_Handler         0x08002fd5    0x8  Code  Gb  stm32f3xx_it.o [1]
SystemClock_Config      0x08001533   0x98  Code  Gb  main.o [1]
SystemCoreClock         0x20000014    0x4  Data  Gb  system_stm32f3xx.o [1]
SystemInit              0x080030d9    0xe  Code  Gb  system_stm32f3xx.o [1]
TIM_Base_SetConfig      0x08001a73   0x92  Code  Gb  stm32f3xx_hal_tim.o [1]
TIM_ETR_SetConfig       0x08001b77   0x18  Code  Gb  stm32f3xx_hal_tim.o [1]
TIM_ITRx_SetConfig      0x08001b67   0x10  Code  Lc  stm32f3xx_hal_tim.o [1]
TIM_TI1_ConfigInputStage
                        0x08001b1d   0x24  Code  Lc  stm32f3xx_hal_tim.o [1]
TIM_TI2_ConfigInputStage
                        0x08001b41   0x26  Code  Lc  stm32f3xx_hal_tim.o [1]
UART_AdvFeatureConfig   0x08002c11   0xda  Code  Gb  stm32f3xx_hal_uart.o [1]
UART_CheckIdleState     0x08002ceb   0x6e  Code  Gb  stm32f3xx_hal_uart.o [1]
UART_SetConfig          0x08002a47  0x1b0  Code  Gb  stm32f3xx_hal_uart.o [1]
UART_WaitOnFlagUntilTimeout
                        0x08002d59   0xe6  Code  Gb  stm32f3xx_hal_uart.o [1]
UsageFault_Handler      0x08002fcd    0x2  Code  Gb  stm32f3xx_it.o [1]
__NVIC_EnableIRQ        0x08001c43   0x1c  Code  Lc  stm32f3xx_hal_cortex.o [1]
__NVIC_GetPriorityGrouping
                        0x08001c39    0xa  Code  Lc  stm32f3xx_hal_cortex.o [1]
__NVIC_SetPriority      0x08001c5f   0x26  Code  Lc  stm32f3xx_hal_cortex.o [1]
__NVIC_SetPriorityGrouping
                        0x08001c1d   0x1c  Code  Lc  stm32f3xx_hal_cortex.o [1]
__aeabi_memclr4         0x080010e9         Code  Gb  ABImemclr4.o [5]
__cmain                 0x08003075         Code  Gb  cmain.o [5]
__exit                  0x080030a9   0x14  Code  Gb  exit.o [6]
__iar_Memset4_word      0x08001651         Code  Gb  ABImemset48.o [5]
__iar_Memset8_word      0x08001651         Code  Gb  ABImemset48.o [5]
__iar_copy_init3        0x08002f99   0x2c  Code  Gb  copy_init3.o [5]
__iar_data_init3        0x08003005   0x28  Code  Gb  data_init.o [5]
__iar_init_vfp          0x0800302d         Code  Gb  fpinit_M.o [4]
__iar_program_start     0x0800312d         Code  Gb  cstartup_M.o [5]
__iar_systems$$module {Abs}
                        0x00000001         Data  Gb  command line/config [2]
__iar_zero_init3        0x08002f59   0x40  Code  Gb  zero_init3.o [5]
__low_level_init        0x08003093    0x4  Code  Gb  low_level_init.o [3]
__vector_table          0x08000000         Data  Gb  startup_stm32f303x8.o [1]
_call_main              0x08003081         Code  Gb  cmain.o [5]
_exit                   0x0800309d         Code  Gb  cexit.o [5]
_main                   0x0800308f         Code  Gb  cmain.o [5]
aPLLMULFactorTable      0x080030ec   0x10  Data  Gb  stm32f3xx_hal_rcc.o [1]
aPredivFactorTable      0x080030fc   0x10  Data  Gb  stm32f3xx_hal_rcc.o [1]
current_A               0x20000008    0x4  Data  Gb  LOAD_State_Machine.o [1]
current_Value_A         0x2000000c    0x4  Data  Gb  main.o [1]
exit                    0x08003097    0x4  Code  Gb  exit.o [3]
hadc1                   0x200000a0   0x50  Data  Gb  main.o [1]
hdac1                   0x20000180   0x14  Data  Gb  main.o [1]
hdma_adc1               0x2000013c   0x44  Data  Gb  main.o [1]
htim1                   0x200000f0   0x4c  Data  Gb  main.o [1]
huart1                  0x2000001c   0x84  Data  Gb  main.o [1]
main                    0x080012c9   0x4e  Code  Gb  main.o [1]
potency_Value_W         0x200001a0    0x4  Data  Gb  main.o [1]
potency_W               0x20000198    0x4  Data  Gb  LOAD_State_Machine.o [1]
resistance_Ohms         0x2000019c    0x4  Data  Gb  LOAD_State_Machine.o [1]
resistance_Value_Ohms   0x200001a4    0x4  Data  Gb  main.o [1]
set_Current_Value       0x080016eb   0x18  Code  Gb  LOAD_State_Machine.o [1]
set_Potency_Value       0x08001703   0x18  Code  Gb  LOAD_State_Machine.o [1]
set_Resistance_Value    0x0800171b   0x18  Code  Gb  LOAD_State_Machine.o [1]
uwTick                  0x200001a8    0x4  Data  Gb  stm32f3xx_hal.o [1]
uwTickFreq              0x20000018    0x1  Data  Gb  stm32f3xx_hal.o [1]
uwTickPrio              0x20000010    0x4  Data  Gb  stm32f3xx_hal.o [1]


[1] = C:\Users\lucas vitoriano\Desktop\Firmware_Carga - Funcionando\EWARM\Firmware_Carga\Obj
[2] = command line
[3] = dl7M_tln.a
[4] = m7M_tls.a
[5] = rt7M_tl.a
[6] = shb_l.a

  12 654 bytes of readonly  code memory
     122 bytes of readonly  data memory
   1 450 bytes of readwrite data memory

Errors: none
Warnings: none
